Archive member included to satisfy reference by file (symbol)

C:\Users\Gunj Manseta\SimplicityStudio\SampleCodeWorkspace\Current-Sensor-BLE-Server\platform\radio\rail_lib\autogen\librail_release\librail_efr32xg13_gcc_release.a(rail_pti.o)
                              ./pti.o (RAIL_ConfigPti)
C:\Users\Gunj Manseta\SimplicityStudio\SampleCodeWorkspace\Current-Sensor-BLE-Server\platform\radio\rail_lib\autogen\librail_release\librail_efr32xg13_gcc_release.a(rail_rf_hal.o)
                              C:\Users\Gunj Manseta\SimplicityStudio\SampleCodeWorkspace\Current-Sensor-BLE-Server\platform\radio\rail_lib\autogen\librail_release\librail_efr32xg13_gcc_release.a(rail_pti.o) (RFHAL_ConfigPti)
C:\Users\Gunj Manseta\SimplicityStudio\SampleCodeWorkspace\Current-Sensor-BLE-Server\platform\radio\rail_lib\autogen\librail_release\librail_efr32xg13_gcc_release.a(rail_ieee802154_rf_hal.o)
                              C:\Users\Gunj Manseta\SimplicityStudio\SampleCodeWorkspace\Current-Sensor-BLE-Server\platform\radio\rail_lib\autogen\librail_release\librail_efr32xg13_gcc_release.a(rail_rf_hal.o) (RFHAL_IEEE802154IsEnabled)
C:\Users\Gunj Manseta\SimplicityStudio\SampleCodeWorkspace\Current-Sensor-BLE-Server\platform\radio\rail_lib\autogen\librail_release\librail_efr32xg13_gcc_release.a(ieee802154_efr32xg13_configurator_out.o)
                              C:\Users\Gunj Manseta\SimplicityStudio\SampleCodeWorkspace\Current-Sensor-BLE-Server\platform\radio\rail_lib\autogen\librail_release\librail_efr32xg13_gcc_release.a(rail_ieee802154_rf_hal.o) (ieee802154_coherent_min)
C:\Users\Gunj Manseta\SimplicityStudio\SampleCodeWorkspace\Current-Sensor-BLE-Server\platform\radio\rail_lib\autogen\librail_release\librail_efr32xg13_gcc_release.a(ieee802154_gb868_efr32xg13_configurator_out.o)
                              C:\Users\Gunj Manseta\SimplicityStudio\SampleCodeWorkspace\Current-Sensor-BLE-Server\platform\radio\rail_lib\autogen\librail_release\librail_efr32xg13_gcc_release.a(rail_ieee802154_rf_hal.o) (ieee802154_gb868_config_915_min)
C:\Users\Gunj Manseta\SimplicityStudio\SampleCodeWorkspace\Current-Sensor-BLE-Server\platform\radio\rail_lib\autogen\librail_release\librail_efr32xg13_gcc_release.a(rail_ble_rf_hal.o)
                              C:\Users\Gunj Manseta\SimplicityStudio\SampleCodeWorkspace\Current-Sensor-BLE-Server\platform\radio\rail_lib\autogen\librail_release\librail_efr32xg13_gcc_release.a(rail_rf_hal.o) (RFHAL_IsBleLongRangeEnabled)
C:\Users\Gunj Manseta\SimplicityStudio\SampleCodeWorkspace\Current-Sensor-BLE-Server\platform\radio\rail_lib\autogen\librail_release\librail_efr32xg13_gcc_release.a(ble_efr32xg13_configurator_out.o)
                              C:\Users\Gunj Manseta\SimplicityStudio\SampleCodeWorkspace\Current-Sensor-BLE-Server\platform\radio\rail_lib\autogen\librail_release\librail_efr32xg13_gcc_release.a(rail_ble_rf_hal.o) (ble_viterbi2M_min)
C:\Users\Gunj Manseta\SimplicityStudio\SampleCodeWorkspace\Current-Sensor-BLE-Server\platform\radio\rail_lib\autogen\librail_release\librail_efr32xg13_gcc_release.a(rail_singleprotocol.o)
                              C:\Users\Gunj Manseta\SimplicityStudio\SampleCodeWorkspace\Current-Sensor-BLE-Server\platform\radio\rail_lib\autogen\librail_release\librail_efr32xg13_gcc_release.a(rail_rf_hal.o) (RAIL_ActiveHandle)
C:\Users\Gunj Manseta\SimplicityStudio\SampleCodeWorkspace\Current-Sensor-BLE-Server\platform\radio\rail_lib\autogen\librail_release\librail_efr32xg13_gcc_release.a(rail_rf.o)
                              C:\Users\Gunj Manseta\SimplicityStudio\SampleCodeWorkspace\Current-Sensor-BLE-Server\platform\radio\rail_lib\autogen\librail_release\librail_efr32xg13_gcc_release.a(rail_singleprotocol.o) (RAILCore_Init)
C:\Users\Gunj Manseta\SimplicityStudio\SampleCodeWorkspace\Current-Sensor-BLE-Server\platform\radio\rail_lib\autogen\librail_release\librail_efr32xg13_gcc_release.a(rail_rx.o)
                              C:\Users\Gunj Manseta\SimplicityStudio\SampleCodeWorkspace\Current-Sensor-BLE-Server\platform\radio\rail_lib\autogen\librail_release\librail_efr32xg13_gcc_release.a(rail_rf_hal.o) (RAILCore_StartRx)
C:\Users\Gunj Manseta\SimplicityStudio\SampleCodeWorkspace\Current-Sensor-BLE-Server\platform\radio\rail_lib\autogen\librail_release\librail_efr32xg13_gcc_release.a(rail_tx.o)
                              C:\Users\Gunj Manseta\SimplicityStudio\SampleCodeWorkspace\Current-Sensor-BLE-Server\platform\radio\rail_lib\autogen\librail_release\librail_efr32xg13_gcc_release.a(rail_singleprotocol.o) (RAILCore_StartTxStream)
C:\Users\Gunj Manseta\SimplicityStudio\SampleCodeWorkspace\Current-Sensor-BLE-Server\platform\radio\rail_lib\autogen\librail_release\librail_efr32xg13_gcc_release.a(rail_calibration.o)
                              C:\Users\Gunj Manseta\SimplicityStudio\SampleCodeWorkspace\Current-Sensor-BLE-Server\platform\radio\rail_lib\autogen\librail_release\librail_efr32xg13_gcc_release.a(rail_rf_hal.o) (RAILInt_PendCal)
[...]
Memory Configuration

Name             Origin             Length             Attributes
FLASH_BOOTLOADER 0x0fe10000         0x00004000         xr
FLASH            0x00000000         0x0007f000         xr
RAM              0x20000000         0x00010000         xrw
*default*        0x00000000         0xffffffff

Linker script and memory map

LOAD d:/siliconlabs/simplicitystudio/v4/developer/toolchains/gnu_arm/7.2_2017q4/bin/../lib/gcc/arm-none-eabi/7.2.1/thumb/v7e-m/fpv4-sp/softfp/crti.o
LOAD d:/siliconlabs/simplicitystudio/v4/developer/toolchains/gnu_arm/7.2_2017q4/bin/../lib/gcc/arm-none-eabi/7.2.1/thumb/v7e-m/fpv4-sp/softfp/crtbegin.o
LOAD d:/siliconlabs/simplicitystudio/v4/developer/toolchains/gnu_arm/7.2_2017q4/bin/../lib/gcc/arm-none-eabi/7.2.1/../../../../arm-none-eabi/lib/thumb/v7e-m/fpv4-sp/softfp/crt0.o
START GROUP
LOAD ./application_properties.o
LOAD ./gatt_db.o
LOAD ./init_app.o
LOAD ./init_board.o
LOAD ./init_mcu.o
LOAD ./main.o
LOAD ./pti.o
LOAD ./hardware/kit/common/bsp/bsp_stk.o
LOAD ./hardware/kit/common/drivers/mx25flash_spi.o
LOAD ./platform/Device/SiliconLabs/EFR32BG13P/Source/GCC/startup_efr32bg13p.o
LOAD ./platform/Device/SiliconLabs/EFR32BG13P/Source/system_efr32bg13p.o
LOAD ./platform/emdrv/sleep/src/sleep.o
LOAD ./platform/emlib/src/em_adc.o
LOAD ./platform/emlib/src/em_cmu.o
LOAD ./platform/emlib/src/em_core.o
LOAD ./platform/emlib/src/em_cryotimer.o
LOAD ./platform/emlib/src/em_crypto.o
LOAD ./platform/emlib/src/em_emu.o
LOAD ./platform/emlib/src/em_gpio.o
LOAD ./platform/emlib/src/em_i2c.o
LOAD ./platform/emlib/src/em_msc.o
LOAD ./platform/emlib/src/em_rmu.o
LOAD ./platform/emlib/src/em_rtcc.o
LOAD ./platform/emlib/src/em_system.o
LOAD ./platform/emlib/src/em_timer.o
LOAD ./platform/emlib/src/em_usart.o
LOAD ./src/adc0.o
LOAD ./src/cmu.o
LOAD C:\Users\Gunj Manseta\SimplicityStudio\SampleCodeWorkspace\Current-Sensor-BLE-Server\platform\radio\rail_lib\autogen\librail_release\librail_efr32xg13_gcc_release.a
LOAD C:\Users\Gunj Manseta\SimplicityStudio\SampleCodeWorkspace\Current-Sensor-BLE-Server\protocol\bluetooth\lib\EFR32BG13P\GCC\libpsstore.a
LOAD C:\Users\Gunj Manseta\SimplicityStudio\SampleCodeWorkspace\Current-Sensor-BLE-Server\protocol\bluetooth\lib\EFR32BG13P\GCC\binapploader.o
LOAD C:\Users\Gunj Manseta\SimplicityStudio\SampleCodeWorkspace\Current-Sensor-BLE-Server\protocol\bluetooth\lib\EFR32BG13P\GCC\libbluetooth.a
LOAD C:\Users\Gunj Manseta\SimplicityStudio\SampleCodeWorkspace\Current-Sensor-BLE-Server\protocol\bluetooth\lib\EFR32BG13P\GCC\libmbedtls.a
LOAD d:/siliconlabs/simplicitystudio/v4/developer/toolchains/gnu_arm/7.2_2017q4/bin/../lib/gcc/arm-none-eabi/7.2.1/../../../../arm-none-eabi/lib/thumb/v7e-m/fpv4-sp/softfp\libm.a
END GROUP
START GROUP
LOAD d:/siliconlabs/simplicitystudio/v4/developer/toolchains/gnu_arm/7.2_2017q4/bin/../lib/gcc/arm-none-eabi/7.2.1/thumb/v7e-m/fpv4-sp/softfp\libgcc.a
LOAD d:/siliconlabs/simplicitystudio/v4/developer/toolchains/gnu_arm/7.2_2017q4/bin/../lib/gcc/arm-none-eabi/7.2.1/../../../../arm-none-eabi/lib/thumb/v7e-m/fpv4-sp/softfp\libc_nano.a
LOAD d:/siliconlabs/simplicitystudio/v4/developer/toolchains/gnu_arm/7.2_2017q4/bin/../lib/gcc/arm-none-eabi/7.2.1/../../../../arm-none-eabi/lib/thumb/v7e-m/fpv4-sp/softfp\libnosys.a
END GROUP
START GROUP
LOAD d:/siliconlabs/simplicitystudio/v4/developer/toolchains/gnu_arm/7.2_2017q4/bin/../lib/gcc/arm-none-eabi/7.2.1/thumb/v7e-m/fpv4-sp/softfp\libgcc.a
LOAD d:/siliconlabs/simplicitystudio/v4/developer/toolchains/gnu_arm/7.2_2017q4/bin/../lib/gcc/arm-none-eabi/7.2.1/../../../../arm-none-eabi/lib/thumb/v7e-m/fpv4-sp/softfp\libg_nano.a
LOAD d:/siliconlabs/simplicitystudio/v4/developer/toolchains/gnu_arm/7.2_2017q4/bin/../lib/gcc/arm-none-eabi/7.2.1/../../../../arm-none-eabi/lib/thumb/v7e-m/fpv4-sp/softfp\libc_nano.a
END GROUP
START GROUP
LOAD d:/siliconlabs/simplicitystudio/v4/developer/toolchains/gnu_arm/7.2_2017q4/bin/../lib/gcc/arm-none-eabi/7.2.1/thumb/v7e-m/fpv4-sp/softfp\libgcc.a
LOAD d:/siliconlabs/simplicitystudio/v4/developer/toolchains/gnu_arm/7.2_2017q4/bin/../lib/gcc/arm-none-eabi/7.2.1/../../../../arm-none-eabi/lib/thumb/v7e-m/fpv4-sp/softfp\libc_nano.a
END GROUP
LOAD d:/siliconlabs/simplicitystudio/v4/developer/toolchains/gnu_arm/7.2_2017q4/bin/../lib/gcc/arm-none-eabi/7.2.1/thumb/v7e-m/fpv4-sp/softfp/crtend.o
LOAD d:/siliconlabs/simplicitystudio/v4/developer/toolchains/gnu_arm/7.2_2017q4/bin/../lib/gcc/arm-none-eabi/7.2.1/thumb/v7e-m/fpv4-sp/softfp/crtn.o

.text_bootloader
                0x0fe10000        0x0
 *(.binbootloader*)
                0x0fe10000                . = ALIGN (0x4000)

.text_apploader
                0x00000000     0x8fc0
 *(.binapploader*)
 .binapploader  0x00000000     0x8fc0 C:\Users\Gunj Manseta\SimplicityStudio\SampleCodeWorkspace\Current-Sensor-BLE-Server\protocol\bluetooth\lib\EFR32BG13P\GCC\binapploader.o

.text_signature
                0x00008fc0       0x40
                0x00009000                . = ALIGN (0x800)
 *fill*         0x00008fc0       0x40 
                0x00009000                __text_start__ = .

.text_application
                0x00009000    0x232f8
 *(.vectors)
 .vectors       0x00009000       0xfc ./platform/Device/SiliconLabs/EFR32BG13P/Source/GCC/startup_efr32bg13p.o
                0x00009000                __Vectors
                0x000090fc                __Vectors_End = .
                0x000000fc                __Vectors_Size = (__Vectors_End - __Vectors)
                0x000090fc                __end__ = .
 *(.application_properties)
 .application_properties
                0x000090fc       0x38 ./application_properties.o
                0x000090fc                applicationProperties
 *(.gecko_configuration)
 *(.xo_configuration)
 *(.gatt_header)
 .gatt_header   0x00009134       0x34 ./gatt_db.o
                0x00009134                bg_gattdb_data
 *(.gatt_data)
 .gatt_data     0x00009168      0x2a5 ./gatt_db.o
                0x00009168                bg_gattdb_data_uuidtable_16_map
                0x00009184                bg_gattdb_data_uuidtable_128_map
                0x000091d4                bg_gattdb_data_attribute_field_24
                0x000091dc                bg_gattdb_data_attribute_field_23
                0x000091f4                bg_gattdb_data_attribute_field_21
                0x000091fc                bg_gattdb_data_attribute_field_20
                0x00009214                bg_gattdb_data_attribute_field_19
                0x00009228                bg_gattdb_data_attribute_field_18
                0x00009230                bg_gattdb_data_attribute_field_17
                0x00009248                bg_gattdb_data_attribute_field_16
                0x0000925c                bg_gattdb_data_attribute_field_15
                0x00009264                bg_gattdb_data_attribute_field_14
                0x0000926c                bg_gattdb_data_attribute_field_13
                0x00009278                bg_gattdb_data_attribute_field_12
                0x00009280                bg_gattdb_data_attribute_field_11
                0x00009290                bg_gattdb_data_attribute_field_10
                0x00009298                bg_gattdb_data_attribute_field_9
                0x0000929c                bg_gattdb_data_attribute_field_8
                0x000092a0                bg_gattdb_data_attribute_field_7
                0x000092a8                bg_gattdb_data_attribute_field_6
                0x000092b0                bg_gattdb_data_attribute_field_5
                0x000092b8                bg_gattdb_data_attribute_field_4
                0x000092bc                bg_gattdb_data_attribute_field_2
                0x000092c4                bg_gattdb_data_attribute_field_1
                0x000092cc                bg_gattdb_data_attribute_field_0
                0x000092d0                bg_gattdb_data_attributes_map
                0x000093fc                bg_gattdb_data_attributes_dynamic_mapping_map
                0x00009408                bg_gattdb_data_adv_uuid16_map
                0x0000940c                bg_gattdb_data_adv_uuid128_map
 *(.text*)
 *fill*         0x0000940d        0x3 
 .text          0x00009410       0x40 d:/siliconlabs/simplicitystudio/v4/developer/toolchains/gnu_arm/7.2_2017q4/bin/../lib/gcc/arm-none-eabi/7.2.1/thumb/v7e-m/fpv4-sp/softfp/crtbegin.o
 .text          0x00009450       0x74 d:/siliconlabs/simplicitystudio/v4/developer/toolchains/gnu_arm/7.2_2017q4/bin/../lib/gcc/arm-none-eabi/7.2.1/../../../../arm-none-eabi/lib/thumb/v7e-m/fpv4-sp/softfp/crt0.o
                0x00009450                _start
                0x00009450                _mainCRTStartup
 .text.initApp  0x000094c4       0x24 ./init_app.o
                0x000094c4                initApp
 .text.initBoard
                0x000094e8       0x4c ./init_board.o
                0x000094e8                initBoard
 .text.CHIP_Init
                0x00009534       0x20 ./init_mcu.o
 .text.initMcu  0x00009554       0x8c ./init_mcu.o
                0x00009554                initMcu
 .text.initMcu_clocks
                0x000095e0       0xac ./init_mcu.o
 .text.gecko_initCoexHAL
                0x0000968c        0xe ./main.o
 .text.gecko_init
                0x0000969a       0x46 ./main.o
 .text.gecko_cmd_system_reset
                0x000096e0       0x5c ./main.o
 .text.gecko_cmd_le_gap_set_advertise_timing
                0x0000973c       0x90 ./main.o
 .text.gecko_cmd_le_gap_start_advertising
                0x000097cc       0x7c ./main.o
 .text.gecko_cmd_le_connection_close
                0x00009848       0x68 ./main.o
 .text.gecko_cmd_gatt_server_send_user_read_response
                0x000098b0       0xac ./main.o
 .text.gecko_cmd_gatt_server_send_user_write_response
                0x0000995c       0x7c ./main.o
 .text.gecko_cmd_gatt_server_send_characteristic_notification
                0x000099d8       0x9c ./main.o
 .text.gecko_cmd_hardware_set_soft_timer
                0x00009a74       0x74 ./main.o
 .text.ADC_DataSingleGet
                0x00009ae8       0x18 ./main.o
 .text.main     0x00009b00      0x254 ./main.o
                0x00009b00                main
 .text.configEnablePti
                0x00009d54       0x48 ./pti.o
                0x00009d54                configEnablePti
 .text.BUS_RegMaskedSet
                0x00009d9c       0x24 ./hardware/kit/common/drivers/mx25flash_spi.o
 .text.BUS_RegMaskedClear
                0x00009dc0       0x24 ./hardware/kit/common/drivers/mx25flash_spi.o
 .text.GPIO_PinOutClear
                0x00009de4       0x5a ./hardware/kit/common/drivers/mx25flash_spi.o
 .text.GPIO_PinOutSet
                0x00009e3e       0x5a ./hardware/kit/common/drivers/mx25flash_spi.o
 .text.MX25_init
                0x00009e98       0x9c ./hardware/kit/common/drivers/mx25flash_spi.o
                0x00009e98                MX25_init
 .text.Wait_Flash_WarmUp
                0x00009f34       0x26 ./hardware/kit/common/drivers/mx25flash_spi.o
                0x00009f34                Wait_Flash_WarmUp
 .text.Initial_Spi
                0x00009f5a        0xc ./hardware/kit/common/drivers/mx25flash_spi.o
                0x00009f5a                Initial_Spi
 .text.CS_Low   0x00009f66       0x10 ./hardware/kit/common/drivers/mx25flash_spi.o
                0x00009f66                CS_Low
 .text.CS_High  0x00009f76       0x10 ./hardware/kit/common/drivers/mx25flash_spi.o
                0x00009f76                CS_High
 *fill*         0x00009f86        0x2 
 .text.InsertDummyCycle
                0x00009f88       0x38 ./hardware/kit/common/drivers/mx25flash_spi.o
                0x00009f88                InsertDummyCycle
 .text.SendByte
                0x00009fc0       0x40 ./hardware/kit/common/drivers/mx25flash_spi.o
                0x00009fc0                SendByte
 .text.MX25_DP  0x0000a000       0x34 ./hardware/kit/common/drivers/mx25flash_spi.o
                0x0000a000                MX25_DP
 .text.Reset_Handler
                0x0000a034       0x4c ./platform/Device/SiliconLabs/EFR32BG13P/Source/GCC/startup_efr32bg13p.o
                0x0000a034                Reset_Handler
 .text.Default_Handler
                0x0000a080        0x6 ./platform/Device/SiliconLabs/EFR32BG13P/Source/GCC/startup_efr32bg13p.o
                0x0000a080                DebugMon_Handler
                0x0000a080                USART0_TX_IRQHandler
                0x0000a080                I2C0_IRQHandler
                0x0000a080                HardFault_Handler
                0x0000a080                SysTick_Handler
                0x0000a080                USART1_RX_IRQHandler
                0x0000a080                PendSV_Handler
                0x0000a080                NMI_Handler
                0x0000a080                I2C1_IRQHandler
                0x0000a080                WTIMER0_IRQHandler
                0x0000a080                CRYPTO0_IRQHandler
                0x0000a080                WDOG0_IRQHandler
                0x0000a080                USART1_TX_IRQHandler
                0x0000a080                SMU_IRQHandler
                0x0000a080                MSC_IRQHandler
                0x0000a080                ADC0_IRQHandler
                0x0000a080                UsageFault_Handler
                0x0000a080                WDOG1_IRQHandler
                0x0000a080                LEUART0_IRQHandler
                0x0000a080                FPUEH_IRQHandler
                0x0000a080                GPIO_EVEN_IRQHandler
                0x0000a080                VDAC0_IRQHandler
                0x0000a080                LDMA_IRQHandler
                0x0000a080                CSEN_IRQHandler
                0x0000a080                CRYPTO1_IRQHandler
                0x0000a080                TIMER0_IRQHandler
                0x0000a080                LETIMER0_IRQHandler
                0x0000a080                TIMER1_IRQHandler
                0x0000a080                TRNG0_IRQHandler
                0x0000a080                USART2_RX_IRQHandler
                0x0000a080                Default_Handler
                0x0000a080                EMU_IRQHandler
                0x0000a080                CRYOTIMER_IRQHandler
                0x0000a080                PCNT0_IRQHandler
                0x0000a080                ACMP0_IRQHandler
                0x0000a080                USART0_RX_IRQHandler
                0x0000a080                MemManage_Handler
                0x0000a080                SVC_Handler
                0x0000a080                RTCC_IRQHandler
                0x0000a080                CMU_IRQHandler
                0x0000a080                LESENSE_IRQHandler
                0x0000a080                GPIO_ODD_IRQHandler
                0x0000a080                BusFault_Handler
                0x0000a080                USART2_TX_IRQHandler
                0x0000a080                IDAC0_IRQHandler
 *fill*         0x0000a086        0x2 
 .text.SystemCoreClockGet
                0x0000a088       0x40 ./platform/Device/SiliconLabs/EFR32BG13P/Source/system_efr32bg13p.o
                0x0000a088                SystemCoreClockGet
 .text.SystemMaxCoreClockGet
                0x0000a0c8       0x14 ./platform/Device/SiliconLabs/EFR32BG13P/Source/system_efr32bg13p.o
                0x0000a0c8                SystemMaxCoreClockGet
 .text.SystemHFClockGet
                0x0000a0dc       0x70 ./platform/Device/SiliconLabs/EFR32BG13P/Source/system_efr32bg13p.o
                0x0000a0dc                SystemHFClockGet
 .text.SystemHFXOClockGet
                0x0000a14c       0x18 ./platform/Device/SiliconLabs/EFR32BG13P/Source/system_efr32bg13p.o
                0x0000a14c                SystemHFXOClockGet
 .text.SystemHFXOClockSet
                0x0000a164       0x30 ./platform/Device/SiliconLabs/EFR32BG13P/Source/system_efr32bg13p.o
                0x0000a164                SystemHFXOClockSet
 .text.SystemInit
                0x0000a194       0x24 ./platform/Device/SiliconLabs/EFR32BG13P/Source/system_efr32bg13p.o
                0x0000a194                SystemInit
 .text.SystemLFRCOClockGet
                0x0000a1b8       0x12 ./platform/Device/SiliconLabs/EFR32BG13P/Source/system_efr32bg13p.o
                0x0000a1b8                SystemLFRCOClockGet
 .text.SystemULFRCOClockGet
                0x0000a1ca       0x12 ./platform/Device/SiliconLabs/EFR32BG13P/Source/system_efr32bg13p.o
                0x0000a1ca                SystemULFRCOClockGet
 .text.SystemLFXOClockGet
                0x0000a1dc       0x18 ./platform/Device/SiliconLabs/EFR32BG13P/Source/system_efr32bg13p.o
                0x0000a1dc                SystemLFXOClockGet
 .text.SystemLFXOClockSet
                0x0000a1f4       0x30 ./platform/Device/SiliconLabs/EFR32BG13P/Source/system_efr32bg13p.o
                0x0000a1f4                SystemLFXOClockSet
 .text.BUS_RegBitWrite
                0x0000a224       0x2e ./platform/emdrv/sleep/src/sleep.o
 *fill*         0x0000a252        0x2 
 .text.EMU_EnterEM1
                0x0000a254       0x20 ./platform/emdrv/sleep/src/sleep.o
 .text.EMU_EM2Block
                0x0000a274       0x18 ./platform/emdrv/sleep/src/sleep.o
 .text.EMU_EM2UnBlock
                0x0000a28c       0x18 ./platform/emdrv/sleep/src/sleep.o
 .text.sleepCallbackWrapper
                0x0000a2a4       0x2c ./platform/emdrv/sleep/src/sleep.o
 .text.SLEEP_Init
                0x0000a2d0       0x64 ./platform/emdrv/sleep/src/sleep.o
                0x0000a2d0                SLEEP_Init
 .text.SLEEP_Sleep
                0x0000a334       0x90 ./platform/emdrv/sleep/src/sleep.o
                0x0000a334                SLEEP_Sleep
 .text.SLEEP_SleepBlockBegin
                0x0000a3c4       0x48 ./platform/emdrv/sleep/src/sleep.o
                0x0000a3c4                SLEEP_SleepBlockBegin
 .text.SLEEP_SleepBlockEnd
                0x0000a40c       0x58 ./platform/emdrv/sleep/src/sleep.o
                0x0000a40c                SLEEP_SleepBlockEnd
 .text.SLEEP_LowestEnergyModeGet
                0x0000a464       0x40 ./platform/emdrv/sleep/src/sleep.o
                0x0000a464                SLEEP_LowestEnergyModeGet
 .text.enterEMx
                0x0000a4a4       0xa0 ./platform/emdrv/sleep/src/sleep.o
 .text.BUS_RegBitWrite
                0x0000a544       0x2e ./platform/emlib/src/em_adc.o
 .text.BUS_RegMaskedSet
                0x0000a572       0x24 ./platform/emlib/src/em_adc.o
 .text.BUS_RegMaskedClear
                0x0000a596       0x24 ./platform/emlib/src/em_adc.o
 .text.BUS_RegMaskedWrite
                0x0000a5ba       0x24 ./platform/emlib/src/em_adc.o
 *fill*         0x0000a5de        0x2 
 .text.ADC_LoadDevinfoCal
                0x0000a5e0      0x1dc ./platform/emlib/src/em_adc.o
 .text.ADC_Init
                0x0000a7bc       0xc4 ./platform/emlib/src/em_adc.o
                0x0000a7bc                ADC_Init
 .text.ADC_InitSingle
                0x0000a880      0x14c ./platform/emlib/src/em_adc.o
                0x0000a880                ADC_InitSingle
 .text.ADC_PrescaleCalc
                0x0000a9cc       0x70 ./platform/emlib/src/em_adc.o
                0x0000a9cc                ADC_PrescaleCalc
 .text.BUS_RegBitWrite
                0x0000aa3c       0x2e ./platform/emlib/src/em_cmu.o
 .text.BUS_RegBitRead
                0x0000aa6a       0x2a ./platform/emlib/src/em_cmu.o
 .text.BUS_RegMaskedSet
                0x0000aa94       0x24 ./platform/emlib/src/em_cmu.o
 .text.BUS_RegMaskedClear
                0x0000aab8       0x24 ./platform/emlib/src/em_cmu.o
 .text.BUS_RegMaskedWrite
                0x0000aadc       0x24 ./platform/emlib/src/em_cmu.o
 .text.CMU_Log2ToDiv
                0x0000ab00       0x1c ./platform/emlib/src/em_cmu.o
 .text.EMU_VScaleWait
                0x0000ab1c       0x1c ./platform/emlib/src/em_cmu.o
 .text.EMU_VScaleGet
                0x0000ab38       0x1c ./platform/emlib/src/em_cmu.o
 .text.setHfLeConfig
                0x0000ab54       0x64 ./platform/emlib/src/em_cmu.o
 .text.auxClkGet
                0x0000abb8       0x20 ./platform/emlib/src/em_cmu.o
 .text.hfSrcClkGet
                0x0000abd8       0x2c ./platform/emlib/src/em_cmu.o
 .text.dbgClkGet
                0x0000ac04       0x40 ./platform/emlib/src/em_cmu.o
 .text.adcAsyncClkGet
                0x0000ac44       0x80 ./platform/emlib/src/em_cmu.o
 .text.flashWaitStateControl
                0x0000acc4       0x8c ./platform/emlib/src/em_cmu.o
 .text.flashWaitStateMax
                0x0000ad50       0x44 ./platform/emlib/src/em_cmu.o
 .text.CMU_UpdateWaitStates
                0x0000ad94       0x40 ./platform/emlib/src/em_cmu.o
                0x0000ad94                CMU_UpdateWaitStates
 .text.getRegIshUpperVal
                0x0000add4       0x36 ./platform/emlib/src/em_cmu.o
 *fill*         0x0000ae0a        0x2 
 .text.getHfxoTuningMode
                0x0000ae0c       0x1c ./platform/emlib/src/em_cmu.o
 .text.setHfxoTuningMode
                0x0000ae28       0x2c ./platform/emlib/src/em_cmu.o
 .text.lfClkGet
                0x0000ae54       0xf4 ./platform/emlib/src/em_cmu.o
 .text.syncReg  0x0000af48       0x38 ./platform/emlib/src/em_cmu.o
 .text.hfperClkSafePrescaler
                0x0000af80        0xe ./platform/emlib/src/em_cmu.o
 .text.hfperClkOptimizedPrescaler
                0x0000af8e        0xe ./platform/emlib/src/em_cmu.o
 .text.CMU_AUXHFRCODevinfoGet
                0x0000af9c       0xdc ./platform/emlib/src/em_cmu.o
 .text.CMU_AUXHFRCOBandSet
                0x0000b078       0x98 ./platform/emlib/src/em_cmu.o
                0x0000b078                CMU_AUXHFRCOBandSet
 .text.CMU_ClockEnable
                0x0000b110       0xcc ./platform/emlib/src/em_cmu.o
                0x0000b110                CMU_ClockEnable
 .text.CMU_ClockFreqGet
                0x0000b1dc      0x1f4 ./platform/emlib/src/em_cmu.o
                0x0000b1dc                CMU_ClockFreqGet
 .text.CMU_ClockSelectGet
                0x0000b3d0      0x19c ./platform/emlib/src/em_cmu.o
                0x0000b3d0                CMU_ClockSelectGet
 .text.CMU_ClockSelectSet
                0x0000b56c      0x2d4 ./platform/emlib/src/em_cmu.o
                0x0000b56c                CMU_ClockSelectSet
 .text.CMU_HFRCOBandGet
                0x0000b840       0x18 ./platform/emlib/src/em_cmu.o
                0x0000b840                CMU_HFRCOBandGet
 .text.CMU_HFXOAutostartEnable
                0x0000b858       0x8c ./platform/emlib/src/em_cmu.o
                0x0000b858                CMU_HFXOAutostartEnable
 .text.CMU_HFXOInit
                0x0000b8e4       0xe4 ./platform/emlib/src/em_cmu.o
                0x0000b8e4                CMU_HFXOInit
 .text.CMU_LFXOInit
                0x0000b9c8       0x50 ./platform/emlib/src/em_cmu.o
                0x0000b9c8                CMU_LFXOInit
 .text.CMU_OscillatorEnable
                0x0000ba18      0x17c ./platform/emlib/src/em_cmu.o
                0x0000ba18                CMU_OscillatorEnable
 .text.CMU_OscillatorTuningGet
                0x0000bb94       0x74 ./platform/emlib/src/em_cmu.o
                0x0000bb94                CMU_OscillatorTuningGet
 .text.CMU_OscillatorTuningSet
                0x0000bc08      0x100 ./platform/emlib/src/em_cmu.o
                0x0000bc08                CMU_OscillatorTuningSet
 .text.CMU_OscillatorTuningWait
                0x0000bd08       0x94 ./platform/emlib/src/em_cmu.o
                0x0000bd08                CMU_OscillatorTuningWait
 .text.CMU_OscillatorTuningOptimize
                0x0000bd9c       0x58 ./platform/emlib/src/em_cmu.o
                0x0000bd9c                CMU_OscillatorTuningOptimize
 .text.CORE_EnterCritical
                0x0000bdf4       0x20 ./platform/emlib/src/em_core.o
                0x0000bdf4                CORE_EnterCritical
 .text.CORE_ExitCritical
                0x0000be14       0x1c ./platform/emlib/src/em_core.o
                0x0000be14                CORE_ExitCritical
 .text.CORE_EnterAtomic
                0x0000be30       0x20 ./platform/emlib/src/em_core.o
                0x0000be30                CORE_EnterAtomic
 .text.CORE_ExitAtomic
                0x0000be50       0x1c ./platform/emlib/src/em_core.o
                0x0000be50                CORE_ExitAtomic
 .text.CORE_SetNvicRamTableHandler
                0x0000be6c       0x44 ./platform/emlib/src/em_core.o
                0x0000be6c                CORE_SetNvicRamTableHandler
 .text.CORE_InitNvicVectorTable
                0x0000beb0       0xc8 ./platform/emlib/src/em_core.o
                0x0000beb0                CORE_InitNvicVectorTable
 .text.CRYPTO_BurstFromCrypto
                0x0000bf78       0x3a ./platform/emlib/src/em_crypto.o
 *fill*         0x0000bfb2        0x2 
 .text.CRYPTO_ModulusSet
                0x0000bfb4       0x8c ./platform/emlib/src/em_crypto.o
                0x0000bfb4                CRYPTO_ModulusSet
 .text.CRYPTO_KeyRead
                0x0000c040       0x3a ./platform/emlib/src/em_crypto.o
                0x0000c040                CRYPTO_KeyRead
 .text.SystemCoreClockUpdate
                0x0000c07a        0xc ./platform/emlib/src/em_emu.o
 .text.BUS_RegBitWrite
                0x0000c086       0x2e ./platform/emlib/src/em_emu.o
 .text.BUS_RegBitRead
                0x0000c0b4       0x2a ./platform/emlib/src/em_emu.o
 *fill*         0x0000c0de        0x2 
 .text.EMU_VScaleWait
                0x0000c0e0       0x1c ./platform/emlib/src/em_emu.o
 .text.EMU_VScaleGet
                0x0000c0fc       0x1c ./platform/emlib/src/em_emu.o
 .text.EMU_IntClear
                0x0000c118       0x20 ./platform/emlib/src/em_emu.o
 .text.EMU_IntGet
                0x0000c138       0x18 ./platform/emlib/src/em_emu.o
 .text.EMU_Unlock
                0x0000c150       0x1c ./platform/emlib/src/em_emu.o
 .text.CMU_Lock
                0x0000c16c       0x1c ./platform/emlib/src/em_emu.o
 .text.CMU_Unlock
                0x0000c188       0x1c ./platform/emlib/src/em_emu.o
 .text.vScaleEM01Cmd
                0x0000c1a4       0x22 ./platform/emlib/src/em_emu.o
 *fill*         0x0000c1c6        0x2 
 .text.emState  0x0000c1c8      0x150 ./platform/emlib/src/em_emu.o
 .text.vScaleDownEM23Setup
                0x0000c318       0x50 ./platform/emlib/src/em_emu.o
 .text.vScaleAfterWakeup
                0x0000c368       0x48 ./platform/emlib/src/em_emu.o
 .text.EMU_EnterEM2
                0x0000c3b0       0x4c ./platform/emlib/src/em_emu.o
                0x0000c3b0                EMU_EnterEM2
 .text.EMU_EnterEM3
                0x0000c3fc       0x70 ./platform/emlib/src/em_emu.o
                0x0000c3fc                EMU_EnterEM3
 .text.EMU_Save
                0x0000c46c        0xe ./platform/emlib/src/em_emu.o
                0x0000c46c                EMU_Save
 .text.EMU_Restore
                0x0000c47a        0xe ./platform/emlib/src/em_emu.o
                0x0000c47a                EMU_Restore
 .text.EMU_EnterEM4
                0x0000c488       0x54 ./platform/emlib/src/em_emu.o
                0x0000c488                EMU_EnterEM4
 .text.EMU_VScaleEM01ByClock
                0x0000c4dc       0x70 ./platform/emlib/src/em_emu.o
                0x0000c4dc                EMU_VScaleEM01ByClock
 .text.EMU_VScaleEM01
                0x0000c54c       0x88 ./platform/emlib/src/em_emu.o
                0x0000c54c                EMU_VScaleEM01
 .text.EMU_EM01Init
                0x0000c5d4       0x24 ./platform/emlib/src/em_emu.o
                0x0000c5d4                EMU_EM01Init
 .text.EMU_EM23Init
                0x0000c5f8       0x2c ./platform/emlib/src/em_emu.o
                0x0000c5f8                EMU_EM23Init
 .text.dcdcConstCalibrationLoad
                0x0000c624       0x10 ./platform/emlib/src/em_emu.o
 .text.dcdcValidatedConfigSet
                0x0000c634       0x40 ./platform/emlib/src/em_emu.o
 .text.currentLimitersUpdate
                0x0000c674       0xe8 ./platform/emlib/src/em_emu.o
 .text.userCurrentLimitsSet
                0x0000c75c       0x30 ./platform/emlib/src/em_emu.o
 .text.compCtrlSet
                0x0000c78c       0x40 ./platform/emlib/src/em_emu.o
 .text.lpCmpHystCalibrationLoad
                0x0000c7cc       0xd0 ./platform/emlib/src/em_emu.o
 .text.lpGetDevinfoVrefLowHigh
                0x0000c89c      0x158 ./platform/emlib/src/em_emu.o
 .text.EMU_DCDCModeSet
                0x0000c9f4       0xf0 ./platform/emlib/src/em_emu.o
                0x0000c9f4                EMU_DCDCModeSet
 .text.EMU_DCDCInit
                0x0000cae4      0x120 ./platform/emlib/src/em_emu.o
                0x0000cae4                EMU_DCDCInit
 .text.EMU_DCDCOutputVoltageSet
                0x0000cc04      0x2ac ./platform/emlib/src/em_emu.o
                0x0000cc04                EMU_DCDCOutputVoltageSet
 .text.EMU_DCDCOptimizeSlice
                0x0000ceb0       0xd8 ./platform/emlib/src/em_emu.o
                0x0000ceb0                EMU_DCDCOptimizeSlice
 .text.EMU_DCDCLnRcoBandSet
                0x0000cf88       0x54 ./platform/emlib/src/em_emu.o
                0x0000cf88                EMU_DCDCLnRcoBandSet
 .text.BUS_RegMaskedSet
                0x0000cfdc       0x24 ./platform/emlib/src/em_gpio.o
 .text.BUS_RegMaskedClear
                0x0000d000       0x24 ./platform/emlib/src/em_gpio.o
 .text.GPIO_PinOutClear
                0x0000d024       0x5a ./platform/emlib/src/em_gpio.o
 .text.GPIO_PinOutSet
                0x0000d07e       0x5a ./platform/emlib/src/em_gpio.o
 .text.GPIO_PinModeSet
                0x0000d0d8      0x118 ./platform/emlib/src/em_gpio.o
                0x0000d0d8                GPIO_PinModeSet
 .text.MSC_Init
                0x0000d1f0       0x34 ./platform/emlib/src/em_msc.o
                0x0000d1f0                MSC_Init
 .text.MSC_Deinit
                0x0000d224       0x24 ./platform/emlib/src/em_msc.o
                0x0000d224                MSC_Deinit
 .text.RMU_ResetCauseClear
                0x0000d248       0x18 ./platform/emlib/src/em_rmu.o
                0x0000d248                RMU_ResetCauseClear
 .text.RMU_ResetCauseGet
                0x0000d260       0xb4 ./platform/emlib/src/em_rmu.o
                0x0000d260                RMU_ResetCauseGet
 .text.RTCC_Init
                0x0000d314       0x98 ./platform/emlib/src/em_rtcc.o
                0x0000d314                RTCC_Init
 .text.SYSTEM_ChipRevisionGet
                0x0000d3ac       0x78 ./platform/emlib/src/em_system.o
                0x0000d3ac                SYSTEM_ChipRevisionGet
 .text.USART_BaudrateSyncSet
                0x0000d424       0x40 ./platform/emlib/src/em_usart.o
                0x0000d424                USART_BaudrateSyncSet
 .text.USART_InitSync
                0x0000d464       0xf8 ./platform/emlib/src/em_usart.o
                0x0000d464                USART_InitSync
 .text.USART_Reset
                0x0000d55c       0xb0 ./platform/emlib/src/em_usart.o
                0x0000d55c                USART_Reset
 .text.USART_SpiTransfer
                0x0000d60c       0x40 ./platform/emlib/src/em_usart.o
                0x0000d60c                USART_SpiTransfer
 .text.NVIC_DisableIRQ
                0x0000d64c       0x34 ./src/adc0.o
 .text.ADC_Start
                0x0000d680       0x1e ./src/adc0.o
 *fill*         0x0000d69e        0x2 
 .text.ADC0_init
                0x0000d6a0       0x60 ./src/adc0.o
                0x0000d6a0                ADC0_init
 .text.ADC0_setup
                0x0000d700       0x18 ./src/adc0.o
                0x0000d700                ADC0_setup
 .text.ADC0_start
                0x0000d718       0x14 ./src/adc0.o
                0x0000d718                ADC0_start
 .text.cmu_init
                0x0000d72c       0x2c ./src/cmu.o
                0x0000d72c                cmu_init
 .text.cmu_init_ADC0
                0x0000d758       0x48 ./src/cmu.o
                0x0000d758                cmu_init_ADC0
 .text.RAIL_ConfigPti
                0x0000d7a0        0x6 C:\Users\Gunj Manseta\SimplicityStudio\SampleCodeWorkspace\Current-Sensor-BLE-Server\platform\radio\rail_lib\autogen\librail_release\librail_efr32xg13_gcc_release.a(rail_pti.o)
                0x0000d7a0                RAIL_ConfigPti
 .text.RAIL_EnablePti
                0x0000d7a6        0x6 C:\Users\Gunj Manseta\SimplicityStudio\SampleCodeWorkspace\Current-Sensor-BLE-Server\platform\radio\rail_lib\autogen\librail_release\librail_efr32xg13_gcc_release.a(rail_pti.o)
                0x0000d7a6                RAIL_EnablePti
 .text.eventDefault
                0x0000d7ac        0x2 C:\Users\Gunj Manseta\SimplicityStudio\SampleCodeWorkspace\Current-Sensor-BLE-Server\platform\radio\rail_lib\autogen\librail_release\librail_efr32xg13_gcc_release.a(rail_rf_hal.o)
 *fill*         0x0000d7ae        0x2 
 .text.RFHAL_NotifyUserOfIrCal
                0x0000d7b0       0x78 C:\Users\Gunj Manseta\SimplicityStudio\SampleCodeWorkspace\Current-Sensor-BLE-Server\platform\radio\rail_lib\autogen\librail_release\librail_efr32xg13_gcc_release.a(rail_rf_hal.o)
 .text.GENERIC_PHY_EventCallback
                0x0000d828      0x194 C:\Users\Gunj Manseta\SimplicityStudio\SampleCodeWorkspace\Current-Sensor-BLE-Server\platform\radio\rail_lib\autogen\librail_release\librail_efr32xg13_gcc_release.a(rail_rf_hal.o)
                0x0000d828                GENERIC_PHY_EventCallback
 .text.RFHAL_IntEnable
                0x0000d9bc       0x58 C:\Users\Gunj Manseta\SimplicityStudio\SampleCodeWorkspace\Current-Sensor-BLE-Server\platform\radio\rail_lib\autogen\librail_release\librail_efr32xg13_gcc_release.a(rail_rf_hal.o)
                0x0000d9bc                RFHAL_IntEnable
 .text.RFHAL_SetEventCallback
                0x0000da14       0x18 C:\Users\Gunj Manseta\SimplicityStudio\SampleCodeWorkspace\Current-Sensor-BLE-Server\platform\radio\rail_lib\autogen\librail_release\librail_efr32xg13_gcc_release.a(rail_rf_hal.o)
                0x0000da14                RFHAL_SetEventCallback
 .text.RFHAL_SetPtiProtocol
                0x0000da2c       0x20 C:\Users\Gunj Manseta\SimplicityStudio\SampleCodeWorkspace\Current-Sensor-BLE-Server\platform\radio\rail_lib\autogen\librail_release\librail_efr32xg13_gcc_release.a(rail_rf_hal.o)
                0x0000da2c                RFHAL_SetPtiProtocol
 .text.RFHAL_Idle
                0x0000da4c       0x2a C:\Users\Gunj Manseta\SimplicityStudio\SampleCodeWorkspace\Current-Sensor-BLE-Server\platform\radio\rail_lib\autogen\librail_release\librail_efr32xg13_gcc_release.a(rail_rf_hal.o)
                0x0000da4c                RFHAL_Idle
 *fill*         0x0000da76        0x2 
 .text.RFHAL_GetRadioState
                0x0000da78       0x48 C:\Users\Gunj Manseta\SimplicityStudio\SampleCodeWorkspace\Current-Sensor-BLE-Server\platform\radio\rail_lib\autogen\librail_release\librail_efr32xg13_gcc_release.a(rail_rf_hal.o)
                0x0000da78                RFHAL_GetRadioState
 .text.RFHAL_OkToTransmit
                0x0000dac0       0x18 C:\Users\Gunj Manseta\SimplicityStudio\SampleCodeWorkspace\Current-Sensor-BLE-Server\platform\radio\rail_lib\autogen\librail_release\librail_efr32xg13_gcc_release.a(rail_rf_hal.o)
                0x0000dac0                RFHAL_OkToTransmit
 .text.RFHAL_ScheduleRx
                0x0000dad8       0x5a C:\Users\Gunj Manseta\SimplicityStudio\SampleCodeWorkspace\Current-Sensor-BLE-Server\platform\radio\rail_lib\autogen\librail_release\librail_efr32xg13_gcc_release.a(rail_rf_hal.o)
                0x0000dad8                RFHAL_ScheduleRx
 *fill*         0x0000db32        0x2 
 .text.RFHAL_EnableRxRawCapture
                0x0000db34       0x58 C:\Users\Gunj Manseta\SimplicityStudio\SampleCodeWorkspace\Current-Sensor-BLE-Server\platform\radio\rail_lib\autogen\librail_release\librail_efr32xg13_gcc_release.a(rail_rf_hal.o)
                0x0000db34                RFHAL_EnableRxRawCapture
 .text.RFHAL_DisableRxRawCapture
                0x0000db8c       0x50 C:\Users\Gunj Manseta\SimplicityStudio\SampleCodeWorkspace\Current-Sensor-BLE-Server\platform\radio\rail_lib\autogen\librail_release\librail_efr32xg13_gcc_release.a(rail_rf_hal.o)
                0x0000db8c                RFHAL_DisableRxRawCapture
 .text.RFHAL_AcceptCrcErrors
                0x0000dbdc       0x18 C:\Users\Gunj Manseta\SimplicityStudio\SampleCodeWorkspace\Current-Sensor-BLE-Server\platform\radio\rail_lib\autogen\librail_release\librail_efr32xg13_gcc_release.a(rail_rf_hal.o)
                0x0000dbdc                RFHAL_AcceptCrcErrors
 .text.RFHAL_ConfigRxOptions
                0x0000dbf4      0x124 C:\Users\Gunj Manseta\SimplicityStudio\SampleCodeWorkspace\Current-Sensor-BLE-Server\platform\radio\rail_lib\autogen\librail_release\librail_efr32xg13_gcc_release.a(rail_rf_hal.o)
                0x0000dbf4                RFHAL_ConfigRxOptions
 .text.RFHAL_GetTimer
                0x0000dd18        0xc C:\Users\Gunj Manseta\SimplicityStudio\SampleCodeWorkspace\Current-Sensor-BLE-Server\platform\radio\rail_lib\autogen\librail_release\librail_efr32xg13_gcc_release.a(rail_rf_hal.o)
                0x0000dd18                RFHAL_GetTimer
 .text.RFHAL_CancelTimer
                0x0000dd24       0x28 C:\Users\Gunj Manseta\SimplicityStudio\SampleCodeWorkspace\Current-Sensor-BLE-Server\platform\radio\rail_lib\autogen\librail_release\librail_efr32xg13_gcc_release.a(rail_rf_hal.o)
                0x0000dd24                RFHAL_CancelTimer
 .text.RFHAL_SetTimer
                0x0000dd4c       0x7c C:\Users\Gunj Manseta\SimplicityStudio\SampleCodeWorkspace\Current-Sensor-BLE-Server\platform\radio\rail_lib\autogen\librail_release\librail_efr32xg13_gcc_release.a(rail_rf_hal.o)
                0x0000dd4c                RFHAL_SetTimer
 .text.RFHAL_IsTimerExpired
                0x0000ddc8       0x1c C:\Users\Gunj Manseta\SimplicityStudio\SampleCodeWorkspace\Current-Sensor-BLE-Server\platform\radio\rail_lib\autogen\librail_release\librail_efr32xg13_gcc_release.a(rail_rf_hal.o)
                0x0000ddc8                RFHAL_IsTimerExpired
 .text.RFHAL_IsTimerRunning
                0x0000dde4        0x6 C:\Users\Gunj Manseta\SimplicityStudio\SampleCodeWorkspace\Current-Sensor-BLE-Server\platform\radio\rail_lib\autogen\librail_release\librail_efr32xg13_gcc_release.a(rail_rf_hal.o)
                0x0000dde4                RFHAL_IsTimerRunning
 *fill*         0x0000ddea        0x2 
 .text.RFHAL_CalcBitRate
                0x0000ddec        0xc C:\Users\Gunj Manseta\SimplicityStudio\SampleCodeWorkspace\Current-Sensor-BLE-Server\platform\radio\rail_lib\autogen\librail_release\librail_efr32xg13_gcc_release.a(rail_rf_hal.o)
                0x0000ddec                RFHAL_CalcBitRate
 .text.RFHAL_GetBitRate
                0x0000ddf8       0x22 C:\Users\Gunj Manseta\SimplicityStudio\SampleCodeWorkspace\Current-Sensor-BLE-Server\platform\radio\rail_lib\autogen\librail_release\librail_efr32xg13_gcc_release.a(rail_rf_hal.o)
                0x0000ddf8                RFHAL_GetBitRate
 *fill*         0x0000de1a        0x2 
 .text.RFHAL_SetTxTransitions
                0x0000de1c       0x1c C:\Users\Gunj Manseta\SimplicityStudio\SampleCodeWorkspace\Current-Sensor-BLE-Server\platform\radio\rail_lib\autogen\librail_release\librail_efr32xg13_gcc_release.a(rail_rf_hal.o)
                0x0000de1c                RFHAL_SetTxTransitions
 .text.RFHAL_SetRxTransitions
                0x0000de38       0x1c C:\Users\Gunj Manseta\SimplicityStudio\SampleCodeWorkspace\Current-Sensor-BLE-Server\platform\radio\rail_lib\autogen\librail_release\librail_efr32xg13_gcc_release.a(rail_rf_hal.o)
                0x0000de38                RFHAL_SetRxTransitions
 .text.RFHAL_SetCRCInitVal
                0x0000de54        0x4 C:\Users\Gunj Manseta\SimplicityStudio\SampleCodeWorkspace\Current-Sensor-BLE-Server\platform\radio\rail_lib\autogen\librail_release\librail_efr32xg13_gcc_release.a(rail_rf_hal.o)
                0x0000de54                RFHAL_SetCRCInitVal
 .text.RFHAL_ConfigTxPower
                0x0000de58        0xc C:\Users\Gunj Manseta\SimplicityStudio\SampleCodeWorkspace\Current-Sensor-BLE-Server\platform\radio\rail_lib\autogen\librail_release\librail_efr32xg13_gcc_release.a(rail_rf_hal.o)
                0x0000de58                RFHAL_ConfigTxPower
 .text.RFHAL_SetTxPowerUnchecked
                0x0000de64       0x18 C:\Users\Gunj Manseta\SimplicityStudio\SampleCodeWorkspace\Current-Sensor-BLE-Server\platform\radio\rail_lib\autogen\librail_release\librail_efr32xg13_gcc_release.a(rail_rf_hal.o)
                0x0000de64                RFHAL_SetTxPowerUnchecked
 .text.RFHAL_SetTxPower
                0x0000de7c       0x40 C:\Users\Gunj Manseta\SimplicityStudio\SampleCodeWorkspace\Current-Sensor-BLE-Server\platform\radio\rail_lib\autogen\librail_release\librail_efr32xg13_gcc_release.a(rail_rf_hal.o)
                0x0000de7c                RFHAL_SetTxPower
 .text.RFHAL_GetTxPowerConfig
                0x0000debc        0xc C:\Users\Gunj Manseta\SimplicityStudio\SampleCodeWorkspace\Current-Sensor-BLE-Server\platform\radio\rail_lib\autogen\librail_release\librail_efr32xg13_gcc_release.a(rail_rf_hal.o)
                0x0000debc                RFHAL_GetTxPowerConfig
 .text.RFHAL_GetTxPower
                0x0000dec8        0x4 C:\Users\Gunj Manseta\SimplicityStudio\SampleCodeWorkspace\Current-Sensor-BLE-Server\platform\radio\rail_lib\autogen\librail_release\librail_efr32xg13_gcc_release.a(rail_rf_hal.o)
                0x0000dec8                RFHAL_GetTxPower
 .text.RFHAL_SetChannel
                0x0000decc       0xc4 C:\Users\Gunj Manseta\SimplicityStudio\SampleCodeWorkspace\Current-Sensor-BLE-Server\platform\radio\rail_lib\autogen\librail_release\librail_efr32xg13_gcc_release.a(rail_rf_hal.o)
                0x0000decc                RFHAL_SetChannel
 .text.RFHAL_IsAutoAckEnabled
                0x0000df90        0x6 C:\Users\Gunj Manseta\SimplicityStudio\SampleCodeWorkspace\Current-Sensor-BLE-Server\platform\radio\rail_lib\autogen\librail_release\librail_efr32xg13_gcc_release.a(rail_rf_hal.o)
                0x0000df90                RFHAL_IsAutoAckEnabled
 *fill*         0x0000df96        0x2 
 .text.RFHAL_AutoAckWaitForAck
                0x0000df98       0x18 C:\Users\Gunj Manseta\SimplicityStudio\SampleCodeWorkspace\Current-Sensor-BLE-Server\platform\radio\rail_lib\autogen\librail_release\librail_efr32xg13_gcc_release.a(rail_rf_hal.o)
                0x0000df98                RFHAL_AutoAckWaitForAck
 .text.preTxOps
                0x0000dfb0       0xf4 C:\Users\Gunj Manseta\SimplicityStudio\SampleCodeWorkspace\Current-Sensor-BLE-Server\platform\radio\rail_lib\autogen\librail_release\librail_efr32xg13_gcc_release.a(rail_rf_hal.o)
 .text.RFHAL_StartTx
                0x0000e0a4       0x12 C:\Users\Gunj Manseta\SimplicityStudio\SampleCodeWorkspace\Current-Sensor-BLE-Server\platform\radio\rail_lib\autogen\librail_release\librail_efr32xg13_gcc_release.a(rail_rf_hal.o)
                0x0000e0a4                RFHAL_StartTx
 .text.RFHAL_StartScheduledTx
                0x0000e0b6       0x3c C:\Users\Gunj Manseta\SimplicityStudio\SampleCodeWorkspace\Current-Sensor-BLE-Server\platform\radio\rail_lib\autogen\librail_release\librail_efr32xg13_gcc_release.a(rail_rf_hal.o)
                0x0000e0b6                RFHAL_StartScheduledTx
 *fill*         0x0000e0f2        0x2 
 .text.RFHAL_GetRxPacketInfo
                0x0000e0f4       0x48 C:\Users\Gunj Manseta\SimplicityStudio\SampleCodeWorkspace\Current-Sensor-BLE-Server\platform\radio\rail_lib\autogen\librail_release\librail_efr32xg13_gcc_release.a(rail_rf_hal.o)
                0x0000e0f4                RFHAL_GetRxPacketInfo
 .text.RFHAL_GetRxPacketDetailsAlt
                0x0000e13c       0x98 C:\Users\Gunj Manseta\SimplicityStudio\SampleCodeWorkspace\Current-Sensor-BLE-Server\platform\radio\rail_lib\autogen\librail_release\librail_efr32xg13_gcc_release.a(rail_rf_hal.o)
                0x0000e13c                RFHAL_GetRxPacketDetailsAlt
 .text.RFHAL_GetRxPacketDetails
                0x0000e1d4       0x22 C:\Users\Gunj Manseta\SimplicityStudio\SampleCodeWorkspace\Current-Sensor-BLE-Server\platform\radio\rail_lib\autogen\librail_release\librail_efr32xg13_gcc_release.a(rail_rf_hal.o)
                0x0000e1d4                RFHAL_GetRxPacketDetails
 .text.RFHAL_SetTxBuffer
                0x0000e1f6       0x34 C:\Users\Gunj Manseta\SimplicityStudio\SampleCodeWorkspace\Current-Sensor-BLE-Server\platform\radio\rail_lib\autogen\librail_release\librail_efr32xg13_gcc_release.a(rail_rf_hal.o)
                0x0000e1f6                RFHAL_SetTxBuffer
 .text.RFHAL_SetRxBuffer
                0x0000e22a       0x2c C:\Users\Gunj Manseta\SimplicityStudio\SampleCodeWorkspace\Current-Sensor-BLE-Server\platform\radio\rail_lib\autogen\librail_release\librail_efr32xg13_gcc_release.a(rail_rf_hal.o)
                0x0000e22a                RFHAL_SetRxBuffer
 *fill*         0x0000e256        0x2 
 .text.RFHAL_ResetTxFifo
                0x0000e258       0x2c C:\Users\Gunj Manseta\SimplicityStudio\SampleCodeWorkspace\Current-Sensor-BLE-Server\platform\radio\rail_lib\autogen\librail_release\librail_efr32xg13_gcc_release.a(rail_rf_hal.o)
                0x0000e258                RFHAL_ResetTxFifo
 .text.RFHAL_WriteTxFifo
                0x0000e284       0x4c C:\Users\Gunj Manseta\SimplicityStudio\SampleCodeWorkspace\Current-Sensor-BLE-Server\platform\radio\rail_lib\autogen\librail_release\librail_efr32xg13_gcc_release.a(rail_rf_hal.o)
                0x0000e284                RFHAL_WriteTxFifo
 .text.RFHAL_ResetRxFifo
                0x0000e2d0       0x40 C:\Users\Gunj Manseta\SimplicityStudio\SampleCodeWorkspace\Current-Sensor-BLE-Server\platform\radio\rail_lib\autogen\librail_release\librail_efr32xg13_gcc_release.a(rail_rf_hal.o)
                0x0000e2d0                RFHAL_ResetRxFifo
 .text.RFHAL_ConfigData
                0x0000e310       0x7c C:\Users\Gunj Manseta\SimplicityStudio\SampleCodeWorkspace\Current-Sensor-BLE-Server\platform\radio\rail_lib\autogen\librail_release\librail_efr32xg13_gcc_release.a(rail_rf_hal.o)
                0x0000e310                RFHAL_ConfigData
 .text.RFHAL_SetAbortScheduledTxDuringRx
                0x0000e38c       0x18 C:\Users\Gunj Manseta\SimplicityStudio\SampleCodeWorkspace\Current-Sensor-BLE-Server\platform\radio\rail_lib\autogen\librail_release\librail_efr32xg13_gcc_release.a(rail_rf_hal.o)
                0x0000e38c                RFHAL_SetAbortScheduledTxDuringRx
 .text.RFHAL_ConfigRadio
                0x0000e3a4       0xac C:\Users\Gunj Manseta\SimplicityStudio\SampleCodeWorkspace\Current-Sensor-BLE-Server\platform\radio\rail_lib\autogen\librail_release\librail_efr32xg13_gcc_release.a(rail_rf_hal.o)
                0x0000e3a4                RFHAL_ConfigRadio
 .text.RFHAL_ConfigFrameTypeLength
                0x0000e450       0x70 C:\Users\Gunj Manseta\SimplicityStudio\SampleCodeWorkspace\Current-Sensor-BLE-Server\platform\radio\rail_lib\autogen\librail_release\librail_efr32xg13_gcc_release.a(rail_rf_hal.o)
                0x0000e450                RFHAL_ConfigFrameTypeLength
 .text.RFHAL_GetTime
                0x0000e4c0        0x4 C:\Users\Gunj Manseta\SimplicityStudio\SampleCodeWorkspace\Current-Sensor-BLE-Server\platform\radio\rail_lib\autogen\librail_release\librail_efr32xg13_gcc_release.a(rail_rf_hal.o)
                0x0000e4c0                RFHAL_GetTime
 .text.RFHAL_ResetAddressFilter
                0x0000e4c4       0x10 C:\Users\Gunj Manseta\SimplicityStudio\SampleCodeWorkspace\Current-Sensor-BLE-Server\platform\radio\rail_lib\autogen\librail_release\librail_efr32xg13_gcc_release.a(rail_rf_hal.o)
                0x0000e4c4                RFHAL_ResetAddressFilter
 .text.RFHAL_Init
                0x0000e4d4       0xa8 C:\Users\Gunj Manseta\SimplicityStudio\SampleCodeWorkspace\Current-Sensor-BLE-Server\platform\radio\rail_lib\autogen\librail_release\librail_efr32xg13_gcc_release.a(rail_rf_hal.o)
                0x0000e4d4                RFHAL_Init
 .text.RFHAL_GetRadioEntropy
                0x0000e57c        0x4 C:\Users\Gunj Manseta\SimplicityStudio\SampleCodeWorkspace\Current-Sensor-BLE-Server\platform\radio\rail_lib\autogen\librail_release\librail_efr32xg13_gcc_release.a(rail_rf_hal.o)
                0x0000e57c                RFHAL_GetRadioEntropy
 .text.RFHAL_SetStateTiming
                0x0000e580       0x56 C:\Users\Gunj Manseta\SimplicityStudio\SampleCodeWorkspace\Current-Sensor-BLE-Server\platform\radio\rail_lib\autogen\librail_release\librail_efr32xg13_gcc_release.a(rail_rf_hal.o)
                0x0000e580                RFHAL_SetStateTiming
 .text.RFHAL_ConfigPti
                0x0000e5d6        0x4 C:\Users\Gunj Manseta\SimplicityStudio\SampleCodeWorkspace\Current-Sensor-BLE-Server\platform\radio\rail_lib\autogen\librail_release\librail_efr32xg13_gcc_release.a(rail_rf_hal.o)
                0x0000e5d6                RFHAL_ConfigPti
 .text.RFHAL_EnablePti
                0x0000e5da        0x4 C:\Users\Gunj Manseta\SimplicityStudio\SampleCodeWorkspace\Current-Sensor-BLE-Server\platform\radio\rail_lib\autogen\librail_release\librail_efr32xg13_gcc_release.a(rail_rf_hal.o)
                0x0000e5da                RFHAL_EnablePti
 .text.RFHAL_IEEE802154IsEnabled
                0x0000e5de        0x6 C:\Users\Gunj Manseta\SimplicityStudio\SampleCodeWorkspace\Current-Sensor-BLE-Server\platform\radio\rail_lib\autogen\librail_release\librail_efr32xg13_gcc_release.a(rail_ieee802154_rf_hal.o)
                0x0000e5de                RFHAL_IEEE802154IsEnabled
 .text.RFHAL_ConfigBle2MbpsViterbi
                0x0000e5e4       0x28 C:\Users\Gunj Manseta\SimplicityStudio\SampleCodeWorkspace\Current-Sensor-BLE-Server\platform\radio\rail_lib\autogen\librail_release\librail_efr32xg13_gcc_release.a(rail_ble_rf_hal.o)
                0x0000e5e4                RFHAL_ConfigBle2MbpsViterbi
 .text.RFHAL_ConfigBle1MbpsViterbi
                0x0000e60c       0x28 C:\Users\Gunj Manseta\SimplicityStudio\SampleCodeWorkspace\Current-Sensor-BLE-Server\platform\radio\rail_lib\autogen\librail_release\librail_efr32xg13_gcc_release.a(rail_ble_rf_hal.o)
                0x0000e60c                RFHAL_ConfigBle1MbpsViterbi
 .text.RFHAL_ConfigBleCoded
                0x0000e634       0x34 C:\Users\Gunj Manseta\SimplicityStudio\SampleCodeWorkspace\Current-Sensor-BLE-Server\platform\radio\rail_lib\autogen\librail_release\librail_efr32xg13_gcc_release.a(rail_ble_rf_hal.o)
                0x0000e634                RFHAL_ConfigBleCoded
 .text.RFHAL_BleReinit
                0x0000e668       0x1c C:\Users\Gunj Manseta\SimplicityStudio\SampleCodeWorkspace\Current-Sensor-BLE-Server\platform\radio\rail_lib\autogen\librail_release\librail_efr32xg13_gcc_release.a(rail_ble_rf_hal.o)
                0x0000e668                RFHAL_BleReinit
 .text.RFHAL_BleInit
                0x0000e684       0x12 C:\Users\Gunj Manseta\SimplicityStudio\SampleCodeWorkspace\Current-Sensor-BLE-Server\platform\radio\rail_lib\autogen\librail_release\librail_efr32xg13_gcc_release.a(rail_ble_rf_hal.o)
                0x0000e684                RFHAL_BleInit
 *fill*         0x0000e696        0x2 
 .text.RFHAL_IsBleLongRangeEnabled
                0x0000e698       0x18 C:\Users\Gunj Manseta\SimplicityStudio\SampleCodeWorkspace\Current-Sensor-BLE-Server\platform\radio\rail_lib\autogen\librail_release\librail_efr32xg13_gcc_release.a(rail_ble_rf_hal.o)
                0x0000e698                RFHAL_IsBleLongRangeEnabled
 .text.RFHAL_BLEPreambleSyncWordSet
                0x0000e6b0       0x44 C:\Users\Gunj Manseta\SimplicityStudio\SampleCodeWorkspace\Current-Sensor-BLE-Server\platform\radio\rail_lib\autogen\librail_release\librail_efr32xg13_gcc_release.a(rail_ble_rf_hal.o)
                0x0000e6b0                RFHAL_BLEPreambleSyncWordSet
 .text.RFHAL_BLEWhiteningSet
                0x0000e6f4       0x68 C:\Users\Gunj Manseta\SimplicityStudio\SampleCodeWorkspace\Current-Sensor-BLE-Server\platform\radio\rail_lib\autogen\librail_release\librail_efr32xg13_gcc_release.a(rail_ble_rf_hal.o)
                0x0000e6f4                RFHAL_BLEWhiteningSet
 .text.setMultiTimer
                0x0000e75c        0x4 C:\Users\Gunj Manseta\SimplicityStudio\SampleCodeWorkspace\Current-Sensor-BLE-Server\platform\radio\rail_lib\autogen\librail_release\librail_efr32xg13_gcc_release.a(rail_singleprotocol.o)
 .text.cancelMultiTimer
                0x0000e760        0x4 C:\Users\Gunj Manseta\SimplicityStudio\SampleCodeWorkspace\Current-Sensor-BLE-Server\platform\radio\rail_lib\autogen\librail_release\librail_efr32xg13_gcc_release.a(rail_singleprotocol.o)
 .text.isMultiTimerExpired
                0x0000e764        0x4 C:\Users\Gunj Manseta\SimplicityStudio\SampleCodeWorkspace\Current-Sensor-BLE-Server\platform\radio\rail_lib\autogen\librail_release\librail_efr32xg13_gcc_release.a(rail_singleprotocol.o)
 .text.getMultiTimer
                0x0000e768        0x4 C:\Users\Gunj Manseta\SimplicityStudio\SampleCodeWorkspace\Current-Sensor-BLE-Server\platform\radio\rail_lib\autogen\librail_release\librail_efr32xg13_gcc_release.a(rail_singleprotocol.o)
 .text.getActiveTimerCb
                0x0000e76c       0x18 C:\Users\Gunj Manseta\SimplicityStudio\SampleCodeWorkspace\Current-Sensor-BLE-Server\platform\radio\rail_lib\autogen\librail_release\librail_efr32xg13_gcc_release.a(rail_singleprotocol.o)
 .text.isMultiTimerRunning
                0x0000e784        0x4 C:\Users\Gunj Manseta\SimplicityStudio\SampleCodeWorkspace\Current-Sensor-BLE-Server\platform\radio\rail_lib\autogen\librail_release\librail_efr32xg13_gcc_release.a(rail_singleprotocol.o)
 .text.RAIL_Init
                0x0000e788       0x20 C:\Users\Gunj Manseta\SimplicityStudio\SampleCodeWorkspace\Current-Sensor-BLE-Server\platform\radio\rail_lib\autogen\librail_release\librail_efr32xg13_gcc_release.a(rail_singleprotocol.o)
                0x0000e788                RAIL_Init
 .text.RAIL_GetSchedulerStatus
                0x0000e7a8        0x4 C:\Users\Gunj Manseta\SimplicityStudio\SampleCodeWorkspace\Current-Sensor-BLE-Server\platform\radio\rail_lib\autogen\librail_release\librail_efr32xg13_gcc_release.a(rail_singleprotocol.o)
                0x0000e7a8                RAIL_GetSchedulerStatus
 .text.RAIL_Idle
                0x0000e7ac        0x8 C:\Users\Gunj Manseta\SimplicityStudio\SampleCodeWorkspace\Current-Sensor-BLE-Server\platform\radio\rail_lib\autogen\librail_release\librail_efr32xg13_gcc_release.a(rail_singleprotocol.o)
                0x0000e7ac                RAIL_Idle
 .text.RAIL_YieldRadio
                0x0000e7b4        0x2 C:\Users\Gunj Manseta\SimplicityStudio\SampleCodeWorkspace\Current-Sensor-BLE-Server\platform\radio\rail_lib\autogen\librail_release\librail_efr32xg13_gcc_release.a(rail_singleprotocol.o)
                0x0000e7b4                RAIL_YieldRadio
 .text.RAIL_GetRadioEntropy
                0x0000e7b6        0x8 C:\Users\Gunj Manseta\SimplicityStudio\SampleCodeWorkspace\Current-Sensor-BLE-Server\platform\radio\rail_lib\autogen\librail_release\librail_efr32xg13_gcc_release.a(rail_singleprotocol.o)
                0x0000e7b6                RAIL_GetRadioEntropy
 .text.RAIL_SetTimer
                0x0000e7be       0x1c C:\Users\Gunj Manseta\SimplicityStudio\SampleCodeWorkspace\Current-Sensor-BLE-Server\platform\radio\rail_lib\autogen\librail_release\librail_efr32xg13_gcc_release.a(rail_singleprotocol.o)
                0x0000e7be                RAIL_SetTimer
 .text.RAIL_CancelTimer
                0x0000e7da        0xe C:\Users\Gunj Manseta\SimplicityStudio\SampleCodeWorkspace\Current-Sensor-BLE-Server\platform\radio\rail_lib\autogen\librail_release\librail_efr32xg13_gcc_release.a(rail_singleprotocol.o)
                0x0000e7da                RAIL_CancelTimer
 .text.RAIL_StartTx
                0x0000e7e8        0x6 C:\Users\Gunj Manseta\SimplicityStudio\SampleCodeWorkspace\Current-Sensor-BLE-Server\platform\radio\rail_lib\autogen\librail_release\librail_efr32xg13_gcc_release.a(rail_singleprotocol.o)
                0x0000e7e8                RAIL_StartTx
 .text.RAIL_StartScheduledTx
                0x0000e7ee        0x6 C:\Users\Gunj Manseta\SimplicityStudio\SampleCodeWorkspace\Current-Sensor-BLE-Server\platform\radio\rail_lib\autogen\librail_release\librail_efr32xg13_gcc_release.a(rail_singleprotocol.o)
                0x0000e7ee                RAIL_StartScheduledTx
 .text.RAIL_ScheduleRx
                0x0000e7f4        0x6 C:\Users\Gunj Manseta\SimplicityStudio\SampleCodeWorkspace\Current-Sensor-BLE-Server\platform\radio\rail_lib\autogen\librail_release\librail_efr32xg13_gcc_release.a(rail_singleprotocol.o)
                0x0000e7f4                RAIL_ScheduleRx
 .text.radioConfigChangedDefault
                0x0000e7fa        0x2 C:\Users\Gunj Manseta\SimplicityStudio\SampleCodeWorkspace\Current-Sensor-BLE-Server\platform\radio\rail_lib\autogen\librail_release\librail_efr32xg13_gcc_release.a(rail_rf.o)
 .text.isTransitionState
                0x0000e7fc       0x12 C:\Users\Gunj Manseta\SimplicityStudio\SampleCodeWorkspace\Current-Sensor-BLE-Server\platform\radio\rail_lib\autogen\librail_release\librail_efr32xg13_gcc_release.a(rail_rf.o)
 .text.RAILCore_Init
                0x0000e80e       0x12 C:\Users\Gunj Manseta\SimplicityStudio\SampleCodeWorkspace\Current-Sensor-BLE-Server\platform\radio\rail_lib\autogen\librail_release\librail_efr32xg13_gcc_release.a(rail_rf.o)
                0x0000e80e                RAILCore_Init
 .text.RAILInt_SetCallbackConfig
                0x0000e820       0x20 C:\Users\Gunj Manseta\SimplicityStudio\SampleCodeWorkspace\Current-Sensor-BLE-Server\platform\radio\rail_lib\autogen\librail_release\librail_efr32xg13_gcc_release.a(rail_rf.o)
                0x0000e820                RAILInt_SetCallbackConfig
 .text.RAILCore_Idle
                0x0000e840       0x14 C:\Users\Gunj Manseta\SimplicityStudio\SampleCodeWorkspace\Current-Sensor-BLE-Server\platform\radio\rail_lib\autogen\librail_release\librail_efr32xg13_gcc_release.a(rail_rf.o)
                0x0000e840                RAILCore_Idle
 .text.RAILCb_CalcBitRate
                0x0000e854        0x6 C:\Users\Gunj Manseta\SimplicityStudio\SampleCodeWorkspace\Current-Sensor-BLE-Server\platform\radio\rail_lib\autogen\librail_release\librail_efr32xg13_gcc_release.a(rail_rf.o)
                0x0000e854                RAILCb_CalcBitRate
 .text.RAIL_SetStateTiming
                0x0000e85a        0x6 C:\Users\Gunj Manseta\SimplicityStudio\SampleCodeWorkspace\Current-Sensor-BLE-Server\platform\radio\rail_lib\autogen\librail_release\librail_efr32xg13_gcc_release.a(rail_rf.o)
                0x0000e85a                RAIL_SetStateTiming
 .text.RAILInt_IsPowerInRange
                0x0000e860       0x3c C:\Users\Gunj Manseta\SimplicityStudio\SampleCodeWorkspace\Current-Sensor-BLE-Server\platform\radio\rail_lib\autogen\librail_release\librail_efr32xg13_gcc_release.a(rail_rf.o)
                0x0000e860                RAILInt_IsPowerInRange
 .text.RAILInt_SetChannel
                0x0000e89c      0x1c0 C:\Users\Gunj Manseta\SimplicityStudio\SampleCodeWorkspace\Current-Sensor-BLE-Server\platform\radio\rail_lib\autogen\librail_release\librail_efr32xg13_gcc_release.a(rail_rf.o)
                0x0000e89c                RAILInt_SetChannel
 .text.RAILCore_ConfigChannels
                0x0000ea5c       0x60 C:\Users\Gunj Manseta\SimplicityStudio\SampleCodeWorkspace\Current-Sensor-BLE-Server\platform\radio\rail_lib\autogen\librail_release\librail_efr32xg13_gcc_release.a(rail_rf.o)
                0x0000ea5c                RAILCore_ConfigChannels
 .text.RAILInt_GetChannel
                0x0000eabc        0x4 C:\Users\Gunj Manseta\SimplicityStudio\SampleCodeWorkspace\Current-Sensor-BLE-Server\platform\radio\rail_lib\autogen\librail_release\librail_efr32xg13_gcc_release.a(rail_rf.o)
                0x0000eabc                RAILInt_GetChannel
 .text.RAILCore_SetTxTransitions
                0x0000eac0       0x3c C:\Users\Gunj Manseta\SimplicityStudio\SampleCodeWorkspace\Current-Sensor-BLE-Server\platform\radio\rail_lib\autogen\librail_release\librail_efr32xg13_gcc_release.a(rail_rf.o)
                0x0000eac0                RAILCore_SetTxTransitions
 .text.RAIL_SetTxTransitions
                0x0000eafc        0x6 C:\Users\Gunj Manseta\SimplicityStudio\SampleCodeWorkspace\Current-Sensor-BLE-Server\platform\radio\rail_lib\autogen\librail_release\librail_efr32xg13_gcc_release.a(rail_rf.o)
                0x0000eafc                RAIL_SetTxTransitions
 .text.RAILCore_SetRxTransitions
                0x0000eb02       0x38 C:\Users\Gunj Manseta\SimplicityStudio\SampleCodeWorkspace\Current-Sensor-BLE-Server\platform\radio\rail_lib\autogen\librail_release\librail_efr32xg13_gcc_release.a(rail_rf.o)
                0x0000eb02                RAILCore_SetRxTransitions
 .text.RAIL_SetRxTransitions
                0x0000eb3a        0x6 C:\Users\Gunj Manseta\SimplicityStudio\SampleCodeWorkspace\Current-Sensor-BLE-Server\platform\radio\rail_lib\autogen\librail_release\librail_efr32xg13_gcc_release.a(rail_rf.o)
                0x0000eb3a                RAIL_SetRxTransitions
 .text.RAIL_ConfigEvents
                0x0000eb40        0x6 C:\Users\Gunj Manseta\SimplicityStudio\SampleCodeWorkspace\Current-Sensor-BLE-Server\platform\radio\rail_lib\autogen\librail_release\librail_efr32xg13_gcc_release.a(rail_rf.o)
                0x0000eb40                RAIL_ConfigEvents
 .text.RAIL_ConfigRxOptions
                0x0000eb46        0x6 C:\Users\Gunj Manseta\SimplicityStudio\SampleCodeWorkspace\Current-Sensor-BLE-Server\platform\radio\rail_lib\autogen\librail_release\librail_efr32xg13_gcc_release.a(rail_rx.o)
                0x0000eb46                RAIL_ConfigRxOptions
 .text.RAILCore_ScheduleRx
                0x0000eb4c       0x2c C:\Users\Gunj Manseta\SimplicityStudio\SampleCodeWorkspace\Current-Sensor-BLE-Server\platform\radio\rail_lib\autogen\librail_release\librail_efr32xg13_gcc_release.a(rail_rx.o)
                0x0000eb4c                RAILCore_ScheduleRx
 .text.RAILCb_ConfigFrameTypeLength
                0x0000eb78        0x6 C:\Users\Gunj Manseta\SimplicityStudio\SampleCodeWorkspace\Current-Sensor-BLE-Server\platform\radio\rail_lib\autogen\librail_release\librail_efr32xg13_gcc_release.a(rail_rx.o)
                0x0000eb78                RAILCb_ConfigFrameTypeLength
 .text.RAIL_SetTxPower
                0x0000eb7e        0x6 C:\Users\Gunj Manseta\SimplicityStudio\SampleCodeWorkspace\Current-Sensor-BLE-Server\platform\radio\rail_lib\autogen\librail_release\librail_efr32xg13_gcc_release.a(rail_tx.o)
                0x0000eb7e                RAIL_SetTxPower
 .text.RAIL_ConfigTxPower
                0x0000eb84       0x1c C:\Users\Gunj Manseta\SimplicityStudio\SampleCodeWorkspace\Current-Sensor-BLE-Server\platform\radio\rail_lib\autogen\librail_release\librail_efr32xg13_gcc_release.a(rail_tx.o)
                0x0000eb84                RAIL_ConfigTxPower
 .text.RAILInt_PendCal
                0x0000eba0       0x24 C:\Users\Gunj Manseta\SimplicityStudio\SampleCodeWorkspace\Current-Sensor-BLE-Server\platform\radio\rail_lib\autogen\librail_release\librail_efr32xg13_gcc_release.a(rail_calibration.o)
                0x0000eba0                RAILInt_PendCal
 .text.RAIL_WriteTxFifo
                0x0000ebc4        0x6 C:\Users\Gunj Manseta\SimplicityStudio\SampleCodeWorkspace\Current-Sensor-BLE-Server\platform\radio\rail_lib\autogen\librail_release\librail_efr32xg13_gcc_release.a(rail_data.o)
                0x0000ebc4                RAIL_WriteTxFifo
 .text.RAIL_SetTxFifo
                0x0000ebca        0x6 C:\Users\Gunj Manseta\SimplicityStudio\SampleCodeWorkspace\Current-Sensor-BLE-Server\platform\radio\rail_lib\autogen\librail_release\librail_efr32xg13_gcc_release.a(rail_data.o)
                0x0000ebca                RAIL_SetTxFifo
 .text.RAIL_SetRxFifo
                0x0000ebd0        0x6 C:\Users\Gunj Manseta\SimplicityStudio\SampleCodeWorkspace\Current-Sensor-BLE-Server\platform\radio\rail_lib\autogen\librail_release\librail_efr32xg13_gcc_release.a(rail_data.o)
                0x0000ebd0                RAIL_SetRxFifo
 *fill*         0x0000ebd6        0x2 
 .text.RAILCb_SetupRxFifo
                0x0000ebd8       0x30 C:\Users\Gunj Manseta\SimplicityStudio\SampleCodeWorkspace\Current-Sensor-BLE-Server\platform\radio\rail_lib\autogen\librail_release\librail_efr32xg13_gcc_release.a(rail_data.o)
                0x0000ebd8                RAILCb_SetupRxFifo
 .text.RAIL_GetRxPacketInfo
                0x0000ec08        0x8 C:\Users\Gunj Manseta\SimplicityStudio\SampleCodeWorkspace\Current-Sensor-BLE-Server\platform\radio\rail_lib\autogen\librail_release\librail_efr32xg13_gcc_release.a(rail_data.o)
                0x0000ec08                RAIL_GetRxPacketInfo
 .text.RAIL_GetRxPacketDetails
                0x0000ec10        0x6 C:\Users\Gunj Manseta\SimplicityStudio\SampleCodeWorkspace\Current-Sensor-BLE-Server\platform\radio\rail_lib\autogen\librail_release\librail_efr32xg13_gcc_release.a(rail_data.o)
                0x0000ec10                RAIL_GetRxPacketDetails
 .text.RAIL_ResetFifo
                0x0000ec16       0x1e C:\Users\Gunj Manseta\SimplicityStudio\SampleCodeWorkspace\Current-Sensor-BLE-Server\platform\radio\rail_lib\autogen\librail_release\librail_efr32xg13_gcc_release.a(rail_data.o)
                0x0000ec16                RAIL_ResetFifo
 .text.RAILCb_AssertFailed
                0x0000ec34       0x14 C:\Users\Gunj Manseta\SimplicityStudio\SampleCodeWorkspace\Current-Sensor-BLE-Server\platform\radio\rail_lib\autogen\librail_release\librail_efr32xg13_gcc_release.a(rail_assert.o)
                0x0000ec34                RAILCb_AssertFailed
 .text.RAILInt_Assert
                0x0000ec48       0x1c C:\Users\Gunj Manseta\SimplicityStudio\SampleCodeWorkspace\Current-Sensor-BLE-Server\platform\radio\rail_lib\autogen\librail_release\librail_efr32xg13_gcc_release.a(rail_assert.o)
                0x0000ec48                RAILInt_Assert
 .text.RAIL_GetTime
                0x0000ec64        0x4 C:\Users\Gunj Manseta\SimplicityStudio\SampleCodeWorkspace\Current-Sensor-BLE-Server\platform\radio\rail_lib\autogen\librail_release\librail_efr32xg13_gcc_release.a(rail_timer.o)
                0x0000ec64                RAIL_GetTime
 .text.checkAndAddRxLenOverflowEntry.part.0
                0x0000ec68       0x2c C:\Users\Gunj Manseta\SimplicityStudio\SampleCodeWorkspace\Current-Sensor-BLE-Server\platform\radio\rail_lib\autogen\librail_release\librail_efr32xg13_gcc_release.a(bufc.o)
 .text.BUFC_ReadHelper
                0x0000ec94       0x7a C:\Users\Gunj Manseta\SimplicityStudio\SampleCodeWorkspace\Current-Sensor-BLE-Server\platform\radio\rail_lib\autogen\librail_release\librail_efr32xg13_gcc_release.a(bufc.o)
 *fill*         0x0000ed0e        0x2 
 .text.BUFC_SetTxBuffer
                0x0000ed10       0x38 C:\Users\Gunj Manseta\SimplicityStudio\SampleCodeWorkspace\Current-Sensor-BLE-Server\platform\radio\rail_lib\autogen\librail_release\librail_efr32xg13_gcc_release.a(bufc.o)
                0x0000ed10                BUFC_SetTxBuffer
 .text.BUFC_SetRxBuffer
                0x0000ed48       0x1c C:\Users\Gunj Manseta\SimplicityStudio\SampleCodeWorkspace\Current-Sensor-BLE-Server\platform\radio\rail_lib\autogen\librail_release\librail_efr32xg13_gcc_release.a(bufc.o)
                0x0000ed48                BUFC_SetRxBuffer
 .text.BUFC_WriteBuffer
                0x0000ed64       0xb0 C:\Users\Gunj Manseta\SimplicityStudio\SampleCodeWorkspace\Current-Sensor-BLE-Server\platform\radio\rail_lib\autogen\librail_release\librail_efr32xg13_gcc_release.a(bufc.o)
                0x0000ed64                BUFC_WriteBuffer
 .text.BUFC_Peek
                0x0000ee14       0x12 C:\Users\Gunj Manseta\SimplicityStudio\SampleCodeWorkspace\Current-Sensor-BLE-Server\platform\radio\rail_lib\autogen\librail_release\librail_efr32xg13_gcc_release.a(bufc.o)
                0x0000ee14                BUFC_Peek
 .text.BUFC_PeekByte
                0x0000ee26       0x46 C:\Users\Gunj Manseta\SimplicityStudio\SampleCodeWorkspace\Current-Sensor-BLE-Server\platform\radio\rail_lib\autogen\librail_release\librail_efr32xg13_gcc_release.a(bufc.o)
                0x0000ee26                BUFC_PeekByte
 .text.BUFC_GetSpaceAvailable
                0x0000ee6c       0x24 C:\Users\Gunj Manseta\SimplicityStudio\SampleCodeWorkspace\Current-Sensor-BLE-Server\platform\radio\rail_lib\autogen\librail_release\librail_efr32xg13_gcc_release.a(bufc.o)
                0x0000ee6c                BUFC_GetSpaceAvailable
 .text.BUFC_GetBytesAvailable
                0x0000ee90       0x14 C:\Users\Gunj Manseta\SimplicityStudio\SampleCodeWorkspace\Current-Sensor-BLE-Server\platform\radio\rail_lib\autogen\librail_release\librail_efr32xg13_gcc_release.a(bufc.o)
                0x0000ee90                BUFC_GetBytesAvailable
 .text.BUFC_TxAckBufferSet
                0x0000eea4       0x2c C:\Users\Gunj Manseta\SimplicityStudio\SampleCodeWorkspace\Current-Sensor-BLE-Server\platform\radio\rail_lib\autogen\librail_release\librail_efr32xg13_gcc_release.a(bufc.o)
                0x0000eea4                BUFC_TxAckBufferSet
 .text.BUFC_RxBufferReset
                0x0000eed0       0x5c C:\Users\Gunj Manseta\SimplicityStudio\SampleCodeWorkspace\Current-Sensor-BLE-Server\platform\radio\rail_lib\autogen\librail_release\librail_efr32xg13_gcc_release.a(bufc.o)
                0x0000eed0                BUFC_RxBufferReset
 .text.BUFC_Init
                0x0000ef2c       0x50 C:\Users\Gunj Manseta\SimplicityStudio\SampleCodeWorkspace\Current-Sensor-BLE-Server\platform\radio\rail_lib\autogen\librail_release\librail_efr32xg13_gcc_release.a(bufc.o)
                0x0000ef2c                BUFC_Init
 .text.BUFC_ReleaseRxPacket
                0x0000ef7c      0x118 C:\Users\Gunj Manseta\SimplicityStudio\SampleCodeWorkspace\Current-Sensor-BLE-Server\platform\radio\rail_lib\autogen\librail_release\librail_efr32xg13_gcc_release.a(bufc.o)
                0x0000ef7c                BUFC_ReleaseRxPacket
 .text.BUFC_StartRxLenThrEvent
                0x0000f094       0x50 C:\Users\Gunj Manseta\SimplicityStudio\SampleCodeWorkspace\Current-Sensor-BLE-Server\platform\radio\rail_lib\autogen\librail_release\librail_efr32xg13_gcc_release.a(bufc.o)
                0x0000f094                BUFC_StartRxLenThrEvent
 .text.BUFC_EndRxLenThrEvent
                0x0000f0e4       0x1c C:\Users\Gunj Manseta\SimplicityStudio\SampleCodeWorkspace\Current-Sensor-BLE-Server\platform\radio\rail_lib\autogen\librail_release\librail_efr32xg13_gcc_release.a(bufc.o)
                0x0000f0e4                BUFC_EndRxLenThrEvent
 .text.BUFC_HandleRxLenOvfEvent
                0x0000f100       0x30 C:\Users\Gunj Manseta\SimplicityStudio\SampleCodeWorkspace\Current-Sensor-BLE-Server\platform\radio\rail_lib\autogen\librail_release\librail_efr32xg13_gcc_release.a(bufc.o)
                0x0000f100                BUFC_HandleRxLenOvfEvent
 .text.BUFC_GetRxPacketInfo
                0x0000f130      0x168 C:\Users\Gunj Manseta\SimplicityStudio\SampleCodeWorkspace\Current-Sensor-BLE-Server\platform\radio\rail_lib\autogen\librail_release\librail_efr32xg13_gcc_release.a(bufc.o)
                0x0000f130                BUFC_GetRxPacketInfo
 .text.IRCAL_Set
                0x0000f298       0x1c C:\Users\Gunj Manseta\SimplicityStudio\SampleCodeWorkspace\Current-Sensor-BLE-Server\platform\radio\rail_lib\autogen\librail_release\librail_efr32xg13_gcc_release.a(ir_cal.o)
                0x0000f298                IRCAL_Set
 .text.getRampTimeFromLevelAndRate
                0x0000f2b4       0x20 C:\Users\Gunj Manseta\SimplicityStudio\SampleCodeWorkspace\Current-Sensor-BLE-Server\platform\radio\rail_lib\autogen\librail_release\librail_efr32xg13_gcc_release.a(pa.o)
 .text.PA_ProtectPa
                0x0000f2d4       0xa0 C:\Users\Gunj Manseta\SimplicityStudio\SampleCodeWorkspace\Current-Sensor-BLE-Server\platform\radio\rail_lib\autogen\librail_release\librail_efr32xg13_gcc_release.a(pa.o)
 .text.PA_GetTxPowerConfig
                0x0000f374       0x14 C:\Users\Gunj Manseta\SimplicityStudio\SampleCodeWorkspace\Current-Sensor-BLE-Server\platform\radio\rail_lib\autogen\librail_release\librail_efr32xg13_gcc_release.a(pa.o)
                0x0000f374                PA_GetTxPowerConfig
 .text.PA_GetPowerLevel
                0x0000f388        0xc C:\Users\Gunj Manseta\SimplicityStudio\SampleCodeWorkspace\Current-Sensor-BLE-Server\platform\radio\rail_lib\autogen\librail_release\librail_efr32xg13_gcc_release.a(pa.o)
                0x0000f388                PA_GetPowerLevel
 .text.PA_SetPowerLevel
                0x0000f394      0x178 C:\Users\Gunj Manseta\SimplicityStudio\SampleCodeWorkspace\Current-Sensor-BLE-Server\platform\radio\rail_lib\autogen\librail_release\librail_efr32xg13_gcc_release.a(pa.o)
                0x0000f394                PA_SetPowerLevel
 .text.PA_RunPeakDetectorHigh
                0x0000f50c       0x40 C:\Users\Gunj Manseta\SimplicityStudio\SampleCodeWorkspace\Current-Sensor-BLE-Server\platform\radio\rail_lib\autogen\librail_release\librail_efr32xg13_gcc_release.a(pa.o)
                0x0000f50c                PA_RunPeakDetectorHigh
 .text.PA_RunPeakDetectorLow
                0x0000f54c        0x2 C:\Users\Gunj Manseta\SimplicityStudio\SampleCodeWorkspace\Current-Sensor-BLE-Server\platform\radio\rail_lib\autogen\librail_release\librail_efr32xg13_gcc_release.a(pa.o)
                0x0000f54c                PA_RunPeakDetectorLow
 *fill*         0x0000f54e        0x2 
 .text.PA_RunBatHigh
                0x0000f550       0x2c C:\Users\Gunj Manseta\SimplicityStudio\SampleCodeWorkspace\Current-Sensor-BLE-Server\platform\radio\rail_lib\autogen\librail_release\librail_efr32xg13_gcc_release.a(pa.o)
                0x0000f550                PA_RunBatHigh
 .text.PA_GetRampTime
                0x0000f57c        0xc C:\Users\Gunj Manseta\SimplicityStudio\SampleCodeWorkspace\Current-Sensor-BLE-Server\platform\radio\rail_lib\autogen\librail_release\librail_efr32xg13_gcc_release.a(pa.o)
                0x0000f57c                PA_GetRampTime
 .text.PA_CalcRampTime
                0x0000f588       0x3c C:\Users\Gunj Manseta\SimplicityStudio\SampleCodeWorkspace\Current-Sensor-BLE-Server\platform\radio\rail_lib\autogen\librail_release\librail_efr32xg13_gcc_release.a(pa.o)
                0x0000f588                PA_CalcRampTime
 .text.PA_SetRampTime
                0x0000f5c4      0x100 C:\Users\Gunj Manseta\SimplicityStudio\SampleCodeWorkspace\Current-Sensor-BLE-Server\platform\radio\rail_lib\autogen\librail_release\librail_efr32xg13_gcc_release.a(pa.o)
                0x0000f5c4                PA_SetRampTime
 .text.PA_SetCTune
                0x0000f6c4       0x34 C:\Users\Gunj Manseta\SimplicityStudio\SampleCodeWorkspace\Current-Sensor-BLE-Server\platform\radio\rail_lib\autogen\librail_release\librail_efr32xg13_gcc_release.a(pa.o)
                0x0000f6c4                PA_SetCTune
 .text.PA_SelectBand
                0x0000f6f8       0x38 C:\Users\Gunj Manseta\SimplicityStudio\SampleCodeWorkspace\Current-Sensor-BLE-Server\platform\radio\rail_lib\autogen\librail_release\librail_efr32xg13_gcc_release.a(pa.o)
                0x0000f6f8                PA_SelectBand
 .text.PA_Config
                0x0000f730      0x114 C:\Users\Gunj Manseta\SimplicityStudio\SampleCodeWorkspace\Current-Sensor-BLE-Server\platform\radio\rail_lib\autogen\librail_release\librail_efr32xg13_gcc_release.a(pa.o)
                0x0000f730                PA_Config
 .text.PA_UpdateConfig
                0x0000f844       0x38 C:\Users\Gunj Manseta\SimplicityStudio\SampleCodeWorkspace\Current-Sensor-BLE-Server\platform\radio\rail_lib\autogen\librail_release\librail_efr32xg13_gcc_release.a(pa.o)
                0x0000f844                PA_UpdateConfig
 .text.PROTIMER_Init
                0x0000f87c       0xe4 C:\Users\Gunj Manseta\SimplicityStudio\SampleCodeWorkspace\Current-Sensor-BLE-Server\platform\radio\rail_lib\autogen\librail_release\librail_efr32xg13_gcc_release.a(protimer.o)
                0x0000f87c                PROTIMER_Init
 .text.PROTIMER_Start
                0x0000f960       0x1c C:\Users\Gunj Manseta\SimplicityStudio\SampleCodeWorkspace\Current-Sensor-BLE-Server\platform\radio\rail_lib\autogen\librail_release\librail_efr32xg13_gcc_release.a(protimer.o)
                0x0000f960                PROTIMER_Start
 .text.PROTIMER_ElapsedTime
                0x0000f97c       0x40 C:\Users\Gunj Manseta\SimplicityStudio\SampleCodeWorkspace\Current-Sensor-BLE-Server\platform\radio\rail_lib\autogen\librail_release\librail_efr32xg13_gcc_release.a(protimer.o)
                0x0000f97c                PROTIMER_ElapsedTime
 .text.PROTIMER_CCTimerStop
                0x0000f9bc       0x20 C:\Users\Gunj Manseta\SimplicityStudio\SampleCodeWorkspace\Current-Sensor-BLE-Server\platform\radio\rail_lib\autogen\librail_release\librail_efr32xg13_gcc_release.a(protimer.o)
                0x0000f9bc                PROTIMER_CCTimerStop
 .text.PROTIMER_CCTimerIsEnabled
                0x0000f9dc       0x14 C:\Users\Gunj Manseta\SimplicityStudio\SampleCodeWorkspace\Current-Sensor-BLE-Server\platform\radio\rail_lib\autogen\librail_release\librail_efr32xg13_gcc_release.a(protimer.o)
                0x0000f9dc                PROTIMER_CCTimerIsEnabled
 .text.PROTIMER_CCTimerCapture
                0x0000f9f0       0x18 C:\Users\Gunj Manseta\SimplicityStudio\SampleCodeWorkspace\Current-Sensor-BLE-Server\platform\radio\rail_lib\autogen\librail_release\librail_efr32xg13_gcc_release.a(protimer.o)
                0x0000f9f0                PROTIMER_CCTimerCapture
 .text.PROTIMER_ClearRxEnable
                0x0000fa08       0x10 C:\Users\Gunj Manseta\SimplicityStudio\SampleCodeWorkspace\Current-Sensor-BLE-Server\platform\radio\rail_lib\autogen\librail_release\librail_efr32xg13_gcc_release.a(protimer.o)
                0x0000fa08                PROTIMER_ClearRxEnable
 .text.PROTIMER_GetTime
                0x0000fa18       0x38 C:\Users\Gunj Manseta\SimplicityStudio\SampleCodeWorkspace\Current-Sensor-BLE-Server\platform\radio\rail_lib\autogen\librail_release\librail_efr32xg13_gcc_release.a(protimer.o)
                0x0000fa18                PROTIMER_GetTime
 .text.PROTIMER_GetCCTime
                0x0000fa50       0x44 C:\Users\Gunj Manseta\SimplicityStudio\SampleCodeWorkspace\Current-Sensor-BLE-Server\platform\radio\rail_lib\autogen\librail_release\librail_efr32xg13_gcc_release.a(protimer.o)
                0x0000fa50                PROTIMER_GetCCTime
 .text.PROTIMER_LBTStop
                0x0000fa94       0x18 C:\Users\Gunj Manseta\SimplicityStudio\SampleCodeWorkspace\Current-Sensor-BLE-Server\platform\radio\rail_lib\autogen\librail_release\librail_efr32xg13_gcc_release.a(protimer.o)
                0x0000fa94                PROTIMER_LBTStop
 .text.PROTIMER_PrecntOverflowToUs
                0x0000faac       0x34 C:\Users\Gunj Manseta\SimplicityStudio\SampleCodeWorkspace\Current-Sensor-BLE-Server\platform\radio\rail_lib\autogen\librail_release\librail_efr32xg13_gcc_release.a(protimer.o)
                0x0000faac                PROTIMER_PrecntOverflowToUs
 .text.PROTIMER_GetUsTime
                0x0000fae0       0x18 C:\Users\Gunj Manseta\SimplicityStudio\SampleCodeWorkspace\Current-Sensor-BLE-Server\platform\radio\rail_lib\autogen\librail_release\librail_efr32xg13_gcc_release.a(protimer.o)
                0x0000fae0                PROTIMER_GetUsTime
 .text.PROTIMER_GetUsFromRawWrap
                0x0000faf8       0x2e C:\Users\Gunj Manseta\SimplicityStudio\SampleCodeWorkspace\Current-Sensor-BLE-Server\platform\radio\rail_lib\autogen\librail_release\librail_efr32xg13_gcc_release.a(protimer.o)
                0x0000faf8                PROTIMER_GetUsFromRawWrap
 *fill*         0x0000fb26        0x2 
 .text.PROTIMER_UsToPrecntOverflow
                0x0000fb28       0x40 C:\Users\Gunj Manseta\SimplicityStudio\SampleCodeWorkspace\Current-Sensor-BLE-Server\platform\radio\rail_lib\autogen\librail_release\librail_efr32xg13_gcc_release.a(protimer.o)
                0x0000fb28                PROTIMER_UsToPrecntOverflow
 .text.PROTIMER_CCTimerStart
                0x0000fb68      0x1a8 C:\Users\Gunj Manseta\SimplicityStudio\SampleCodeWorkspace\Current-Sensor-BLE-Server\platform\radio\rail_lib\autogen\librail_release\librail_efr32xg13_gcc_release.a(protimer.o)
                0x0000fb68                PROTIMER_CCTimerStart
 .text.PROTIMER_ScheduleTxEnable
                0x0000fd10       0x28 C:\Users\Gunj Manseta\SimplicityStudio\SampleCodeWorkspace\Current-Sensor-BLE-Server\platform\radio\rail_lib\autogen\librail_release\librail_efr32xg13_gcc_release.a(protimer.o)
                0x0000fd10                PROTIMER_ScheduleTxEnable
 .text.PROTIMER_ScheduleRxEnable
                0x0000fd38       0x28 C:\Users\Gunj Manseta\SimplicityStudio\SampleCodeWorkspace\Current-Sensor-BLE-Server\platform\radio\rail_lib\autogen\librail_release\librail_efr32xg13_gcc_release.a(protimer.o)
                0x0000fd38                PROTIMER_ScheduleRxEnable
 .text.PROTIMER_ScheduleRxDisable
                0x0000fd60       0x34 C:\Users\Gunj Manseta\SimplicityStudio\SampleCodeWorkspace\Current-Sensor-BLE-Server\platform\radio\rail_lib\autogen\librail_release\librail_efr32xg13_gcc_release.a(protimer.o)
                0x0000fd60                PROTIMER_ScheduleRxDisable
 .text.PROTIMER_DelayUs
                0x0000fd94       0x16 C:\Users\Gunj Manseta\SimplicityStudio\SampleCodeWorkspace\Current-Sensor-BLE-Server\platform\radio\rail_lib\autogen\librail_release\librail_efr32xg13_gcc_release.a(protimer.o)
                0x0000fd94                PROTIMER_DelayUs
 *fill*         0x0000fdaa        0x2 
 .text.PTI_Config
                0x0000fdac       0xc0 C:\Users\Gunj Manseta\SimplicityStudio\SampleCodeWorkspace\Current-Sensor-BLE-Server\platform\radio\rail_lib\autogen\librail_release\librail_efr32xg13_gcc_release.a(pti.o)
                0x0000fdac                PTI_Config
 .text.PTI_EnableAppendedInfo
                0x0000fe6c       0x18 C:\Users\Gunj Manseta\SimplicityStudio\SampleCodeWorkspace\Current-Sensor-BLE-Server\platform\radio\rail_lib\autogen\librail_release\librail_efr32xg13_gcc_release.a(pti.o)
                0x0000fe6c                PTI_EnableAppendedInfo
 .text.PTI_Enable
                0x0000fe84       0x50 C:\Users\Gunj Manseta\SimplicityStudio\SampleCodeWorkspace\Current-Sensor-BLE-Server\platform\radio\rail_lib\autogen\librail_release\librail_efr32xg13_gcc_release.a(pti.o)
                0x0000fe84                PTI_Enable
 .text.PTI_AuxdataOutput
                0x0000fed4       0x1c C:\Users\Gunj Manseta\SimplicityStudio\SampleCodeWorkspace\Current-Sensor-BLE-Server\platform\radio\rail_lib\autogen\librail_release\librail_efr32xg13_gcc_release.a(pti.o)
                0x0000fed4                PTI_AuxdataOutput
 .text.PTI_EnableSyncword
                0x0000fef0       0x18 C:\Users\Gunj Manseta\SimplicityStudio\SampleCodeWorkspace\Current-Sensor-BLE-Server\platform\radio\rail_lib\autogen\librail_release\librail_efr32xg13_gcc_release.a(pti.o)
                0x0000fef0                PTI_EnableSyncword
 .text.RADIO_SetAndForgetWrite
                0x0000ff08       0x74 C:\Users\Gunj Manseta\SimplicityStudio\SampleCodeWorkspace\Current-Sensor-BLE-Server\platform\radio\rail_lib\autogen\librail_release\librail_efr32xg13_gcc_release.a(radio.o)
                0x0000ff08                RADIO_SetAndForgetWrite
 .text.RADIO_RewriteCcTableData
                0x0000ff7c       0x34 C:\Users\Gunj Manseta\SimplicityStudio\SampleCodeWorkspace\Current-Sensor-BLE-Server\platform\radio\rail_lib\autogen\librail_release\librail_efr32xg13_gcc_release.a(radio.o)
                0x0000ff7c                RADIO_RewriteCcTableData
 .text.RADIO_SeqInit
                0x0000ffb0       0x64 C:\Users\Gunj Manseta\SimplicityStudio\SampleCodeWorkspace\Current-Sensor-BLE-Server\platform\radio\rail_lib\autogen\librail_release\librail_efr32xg13_gcc_release.a(radio.o)
                0x0000ffb0                RADIO_SeqInit
 .text.RADIO_ClockEnable
                0x00010014       0x14 C:\Users\Gunj Manseta\SimplicityStudio\SampleCodeWorkspace\Current-Sensor-BLE-Server\platform\radio\rail_lib\autogen\librail_release\librail_efr32xg13_gcc_release.a(radio.o)
                0x00010014                RADIO_ClockEnable
 .text.RADIO_Init
                0x00010028       0x5c C:\Users\Gunj Manseta\SimplicityStudio\SampleCodeWorkspace\Current-Sensor-BLE-Server\platform\radio\rail_lib\autogen\librail_release\librail_efr32xg13_gcc_release.a(radio.o)
                0x00010028                RADIO_Init
 .text.RADIO_ClockPrescGet
                0x00010084       0x10 C:\Users\Gunj Manseta\SimplicityStudio\SampleCodeWorkspace\Current-Sensor-BLE-Server\platform\radio\rail_lib\autogen\librail_release\librail_efr32xg13_gcc_release.a(radio.o)
                0x00010084                RADIO_ClockPrescGet
 .text.RADIO_ClockFreqGet
                0x00010094       0x14 C:\Users\Gunj Manseta\SimplicityStudio\SampleCodeWorkspace\Current-Sensor-BLE-Server\platform\radio\rail_lib\autogen\librail_release\librail_efr32xg13_gcc_release.a(radio.o)
                0x00010094                RADIO_ClockFreqGet
 .text.RADIO_Config
                0x000100a8       0xb0 C:\Users\Gunj Manseta\SimplicityStudio\SampleCodeWorkspace\Current-Sensor-BLE-Server\platform\radio\rail_lib\autogen\librail_release\librail_efr32xg13_gcc_release.a(radio.o)
                0x000100a8                RADIO_Config
 .text.RADIO_IsRxOnForRssi
                0x00010158       0x18 C:\Users\Gunj Manseta\SimplicityStudio\SampleCodeWorkspace\Current-Sensor-BLE-Server\platform\radio\rail_lib\autogen\librail_release\librail_efr32xg13_gcc_release.a(radio.o)
                0x00010158                RADIO_IsRxOnForRssi
 .text.RADIO_RxTrailDataLength
                0x00010170       0x3c C:\Users\Gunj Manseta\SimplicityStudio\SampleCodeWorkspace\Current-Sensor-BLE-Server\platform\radio\rail_lib\autogen\librail_release\librail_efr32xg13_gcc_release.a(radio.o)
                0x00010170                RADIO_RxTrailDataLength
 .text.RADIO_ComputeTxBaudrate
                0x000101ac       0x24 C:\Users\Gunj Manseta\SimplicityStudio\SampleCodeWorkspace\Current-Sensor-BLE-Server\platform\radio\rail_lib\autogen\librail_release\librail_efr32xg13_gcc_release.a(radio.o)
                0x000101ac                RADIO_ComputeTxBaudrate
 .text.RADIO_ComputeTxSymbolRate
                0x000101d0       0x54 C:\Users\Gunj Manseta\SimplicityStudio\SampleCodeWorkspace\Current-Sensor-BLE-Server\platform\radio\rail_lib\autogen\librail_release\librail_efr32xg13_gcc_release.a(radio.o)
                0x000101d0                RADIO_ComputeTxSymbolRate
 .text.RADIO_ComputeTxBitRate
                0x00010224       0x44 C:\Users\Gunj Manseta\SimplicityStudio\SampleCodeWorkspace\Current-Sensor-BLE-Server\platform\radio\rail_lib\autogen\librail_release\librail_efr32xg13_gcc_release.a(radio.o)
                0x00010224                RADIO_ComputeTxBitRate
 .text.RADIO_GetRssi
                0x00010268       0x64 C:\Users\Gunj Manseta\SimplicityStudio\SampleCodeWorkspace\Current-Sensor-BLE-Server\platform\radio\rail_lib\autogen\librail_release\librail_efr32xg13_gcc_release.a(radio.o)
                0x00010268                RADIO_GetRssi
 .text.RADIO_SetCRCInitVal
                0x000102cc       0x10 C:\Users\Gunj Manseta\SimplicityStudio\SampleCodeWorkspace\Current-Sensor-BLE-Server\platform\radio\rail_lib\autogen\librail_release\librail_efr32xg13_gcc_release.a(radio.o)
                0x000102cc                RADIO_SetCRCInitVal
 .text.RADIO_RACClearRxOverflow
                0x000102dc       0x20 C:\Users\Gunj Manseta\SimplicityStudio\SampleCodeWorkspace\Current-Sensor-BLE-Server\platform\radio\rail_lib\autogen\librail_release\librail_efr32xg13_gcc_release.a(radio.o)
                0x000102dc                RADIO_RACClearRxOverflow
 .text.RFSENSE_IRQHandler
                0x000102fc       0x10 C:\Users\Gunj Manseta\SimplicityStudio\SampleCodeWorkspace\Current-Sensor-BLE-Server\platform\radio\rail_lib\autogen\librail_release\librail_efr32xg13_gcc_release.a(rfsense.o)
                0x000102fc                RFSENSE_IRQHandler
 .text.RTCCSYNC_RTCCClockFreqGet
                0x0001030c       0x44 C:\Users\Gunj Manseta\SimplicityStudio\SampleCodeWorkspace\Current-Sensor-BLE-Server\platform\radio\rail_lib\autogen\librail_release\librail_efr32xg13_gcc_release.a(rtccsync.o)
 .text.PRORTC_IRQHandler
                0x00010350       0x10 C:\Users\Gunj Manseta\SimplicityStudio\SampleCodeWorkspace\Current-Sensor-BLE-Server\platform\radio\rail_lib\autogen\librail_release\librail_efr32xg13_gcc_release.a(rtccsync.o)
                0x00010350                PRORTC_IRQHandler
 .text.RTCCSYNC_Init
                0x00010360       0x88 C:\Users\Gunj Manseta\SimplicityStudio\SampleCodeWorkspace\Current-Sensor-BLE-Server\platform\radio\rail_lib\autogen\librail_release\librail_efr32xg13_gcc_release.a(rtccsync.o)
                0x00010360                RTCCSYNC_Init
 .text.RTCCSYNC_PreSleep
                0x000103e8      0x2a0 C:\Users\Gunj Manseta\SimplicityStudio\SampleCodeWorkspace\Current-Sensor-BLE-Server\platform\radio\rail_lib\autogen\librail_release\librail_efr32xg13_gcc_release.a(rtccsync.o)
                0x000103e8                RTCCSYNC_PreSleep
 .text.RTCCSYNC_PostWakeUp
                0x00010688      0x1b8 C:\Users\Gunj Manseta\SimplicityStudio\SampleCodeWorkspace\Current-Sensor-BLE-Server\platform\radio\rail_lib\autogen\librail_release\librail_efr32xg13_gcc_release.a(rtccsync.o)
                0x00010688                RTCCSYNC_PostWakeUp
 .text.SYNTH_RfFreqGet
                0x00010840        0xc C:\Users\Gunj Manseta\SimplicityStudio\SampleCodeWorkspace\Current-Sensor-BLE-Server\platform\radio\rail_lib\autogen\librail_release\librail_efr32xg13_gcc_release.a(synth.o)
                0x00010840                SYNTH_RfFreqGet
 .text.SYNTH_ChSpacingGet
                0x0001084c        0xc C:\Users\Gunj Manseta\SimplicityStudio\SampleCodeWorkspace\Current-Sensor-BLE-Server\platform\radio\rail_lib\autogen\librail_release\librail_efr32xg13_gcc_release.a(synth.o)
                0x0001084c                SYNTH_ChSpacingGet
 .text.SYNTH_LoDivGet
                0x00010858       0x20 C:\Users\Gunj Manseta\SimplicityStudio\SampleCodeWorkspace\Current-Sensor-BLE-Server\platform\radio\rail_lib\autogen\librail_release\librail_efr32xg13_gcc_release.a(synth.o)
                0x00010858                SYNTH_LoDivGet
 .text.SYNTH_Is2p4GHz
                0x00010878       0x14 C:\Users\Gunj Manseta\SimplicityStudio\SampleCodeWorkspace\Current-Sensor-BLE-Server\platform\radio\rail_lib\autogen\librail_release\librail_efr32xg13_gcc_release.a(synth.o)
                0x00010878                SYNTH_Is2p4GHz
 .text.SYNTH_VcoRangeIsValid
                0x0001088c       0x30 C:\Users\Gunj Manseta\SimplicityStudio\SampleCodeWorkspace\Current-Sensor-BLE-Server\platform\radio\rail_lib\autogen\librail_release\librail_efr32xg13_gcc_release.a(synth.o)
                0x0001088c                SYNTH_VcoRangeIsValid
 .text.SYNTH_RetimeLimitsConfig
                0x000108bc       0x64 C:\Users\Gunj Manseta\SimplicityStudio\SampleCodeWorkspace\Current-Sensor-BLE-Server\platform\radio\rail_lib\autogen\librail_release\librail_efr32xg13_gcc_release.a(synth.o)
                0x000108bc                SYNTH_RetimeLimitsConfig
 .text.SYNTH_RetimeClkConfig
                0x00010920       0xb4 C:\Users\Gunj Manseta\SimplicityStudio\SampleCodeWorkspace\Current-Sensor-BLE-Server\platform\radio\rail_lib\autogen\librail_release\librail_efr32xg13_gcc_release.a(synth.o)
                0x00010920                SYNTH_RetimeClkConfig
 .text.SYNTH_Config
                0x000109d4      0x104 C:\Users\Gunj Manseta\SimplicityStudio\SampleCodeWorkspace\Current-Sensor-BLE-Server\platform\radio\rail_lib\autogen\librail_release\librail_efr32xg13_gcc_release.a(synth.o)
                0x000109d4                SYNTH_Config
 .text.SYNTH_ChannelSet
                0x00010ad8       0x40 C:\Users\Gunj Manseta\SimplicityStudio\SampleCodeWorkspace\Current-Sensor-BLE-Server\platform\radio\rail_lib\autogen\librail_release\librail_efr32xg13_gcc_release.a(synth.o)
                0x00010ad8                SYNTH_ChannelSet
 .text.SYNTH_DCDCRetimeClkSet
                0x00010b18       0x68 C:\Users\Gunj Manseta\SimplicityStudio\SampleCodeWorkspace\Current-Sensor-BLE-Server\platform\radio\rail_lib\autogen\librail_release\librail_efr32xg13_gcc_release.a(synth.o)
                0x00010b18                SYNTH_DCDCRetimeClkSet
 .text.SYNTH_DCDCRetimeEnable
                0x00010b80       0x18 C:\Users\Gunj Manseta\SimplicityStudio\SampleCodeWorkspace\Current-Sensor-BLE-Server\platform\radio\rail_lib\autogen\librail_release\librail_efr32xg13_gcc_release.a(synth.o)
                0x00010b80                SYNTH_DCDCRetimeEnable
 .text.SYNTH_DCDCRetimeDisable
                0x00010b98       0x18 C:\Users\Gunj Manseta\SimplicityStudio\SampleCodeWorkspace\Current-Sensor-BLE-Server\platform\radio\rail_lib\autogen\librail_release\librail_efr32xg13_gcc_release.a(synth.o)
                0x00010b98                SYNTH_DCDCRetimeDisable
 .text.SYNTH_KvnFreqCompensationEnable
                0x00010bb0        0xc C:\Users\Gunj Manseta\SimplicityStudio\SampleCodeWorkspace\Current-Sensor-BLE-Server\platform\radio\rail_lib\autogen\librail_release\librail_efr32xg13_gcc_release.a(synth.o)
                0x00010bb0                SYNTH_KvnFreqCompensationEnable
 .text.TEMPCAL_Init
                0x00010bbc       0x38 C:\Users\Gunj Manseta\SimplicityStudio\SampleCodeWorkspace\Current-Sensor-BLE-Server\platform\radio\rail_lib\autogen\librail_release\librail_efr32xg13_gcc_release.a(tempcal.o)
                0x00010bbc                TEMPCAL_Init
 .text.TIMING_NsToStimerTickCalc
                0x00010bf4       0x2c C:\Users\Gunj Manseta\SimplicityStudio\SampleCodeWorkspace\Current-Sensor-BLE-Server\platform\radio\rail_lib\autogen\librail_release\librail_efr32xg13_gcc_release.a(timings.o)
 .text.TIMING_Recalculate
                0x00010c20      0x1ec C:\Users\Gunj Manseta\SimplicityStudio\SampleCodeWorkspace\Current-Sensor-BLE-Server\platform\radio\rail_lib\autogen\librail_release\librail_efr32xg13_gcc_release.a(timings.o)
 .text.TIMING_InitStimer
                0x00010e0c       0x8c C:\Users\Gunj Manseta\SimplicityStudio\SampleCodeWorkspace\Current-Sensor-BLE-Server\platform\radio\rail_lib\autogen\librail_release\librail_efr32xg13_gcc_release.a(timings.o)
                0x00010e0c                TIMING_InitStimer
 .text.TIMING_SeqTimingInit